Archive member included because of file (symbol)

/Users/jeasinema/Downloads/gcc-arm-none-eabi-4_9-2015q3/bin/../lib/gcc/arm-none-eabi/4.9.3/../../../../arm-none-eabi/lib/armv7e-m/libm.a(lib_a-s_atan.o)
                              ..//src/button_rocker.o (atan)
/Users/jeasinema/Downloads/gcc-arm-none-eabi-4_9-2015q3/bin/../lib/gcc/arm-none-eabi/4.9.3/../../../../arm-none-eabi/lib/armv7e-m/libm.a(lib_a-s_cos.o)
                              ..//src/cutterMove.o (cos)
/Users/jeasinema/Downloads/gcc-arm-none-eabi-4_9-2015q3/bin/../lib/gcc/arm-none-eabi/4.9.3/../../../../arm-none-eabi/lib/armv7e-m/libm.a(lib_a-s_fabs.o)
                              /Users/jeasinema/Downloads/gcc-arm-none-eabi-4_9-2015q3/bin/../lib/gcc/arm-none-eabi/4.9.3/../../../../arm-none-eabi/lib/armv7e-m/libm.a(lib_a-s_atan.o) (fabs)
/Users/jeasinema/Downloads/gcc-arm-none-eabi-4_9-2015q3/bin/../lib/gcc/arm-none-eabi/4.9.3/../../../../arm-none-eabi/lib/armv7e-m/libm.a(lib_a-s_sin.o)
                              ..//src/cutterMove.o (sin)
/Users/jeasinema/Downloads/gcc-arm-none-eabi-4_9-2015q3/bin/../lib/gcc/arm-none-eabi/4.9.3/../../../../arm-none-eabi/lib/armv7e-m/libm.a(lib_a-w_sqrt.o)
                              ..//src/button_rocker.o (sqrt)
/Users/jeasinema/Downloads/gcc-arm-none-eabi-4_9-2015q3/bin/../lib/gcc/arm-none-eabi/4.9.3/../../../../arm-none-eabi/lib/armv7e-m/libm.a(lib_a-e_rem_pio2.o)
                              /Users/jeasinema/Downloads/gcc-arm-none-eabi-4_9-2015q3/bin/../lib/gcc/arm-none-eabi/4.9.3/../../../../arm-none-eabi/lib/armv7e-m/libm.a(lib_a-s_cos.o) (__ieee754_rem_pio2)
/Users/jeasinema/Downloads/gcc-arm-none-eabi-4_9-2015q3/bin/../lib/gcc/arm-none-eabi/4.9.3/../../../../arm-none-eabi/lib/armv7e-m/libm.a(lib_a-e_sqrt.o)
                              /Users/jeasinema/Downloads/gcc-arm-none-eabi-4_9-2015q3/bin/../lib/gcc/arm-none-eabi/4.9.3/../../../../arm-none-eabi/lib/armv7e-m/libm.a(lib_a-w_sqrt.o) (__ieee754_sqrt)
/Users/jeasinema/Downloads/gcc-arm-none-eabi-4_9-2015q3/bin/../lib/gcc/arm-none-eabi/4.9.3/../../../../arm-none-eabi/lib/armv7e-m/libm.a(lib_a-k_cos.o)
                              /Users/jeasinema/Downloads/gcc-arm-none-eabi-4_9-2015q3/bin/../lib/gcc/arm-none-eabi/4.9.3/../../../../arm-none-eabi/lib/armv7e-m/libm.a(lib_a-s_cos.o) (__kernel_cos)
/Users/jeasinema/Downloads/gcc-arm-none-eabi-4_9-2015q3/bin/../lib/gcc/arm-none-eabi/4.9.3/../../../../arm-none-eabi/lib/armv7e-m/libm.a(lib_a-k_rem_pio2.o)
                              /Users/jeasinema/Downloads/gcc-arm-none-eabi-4_9-2015q3/bin/../lib/gcc/arm-none-eabi/4.9.3/../../../../arm-none-eabi/lib/armv7e-m/libm.a(lib_a-e_rem_pio2.o) (__kernel_rem_pio2)
/Users/jeasinema/Downloads/gcc-arm-none-eabi-4_9-2015q3/bin/../lib/gcc/arm-none-eabi/4.9.3/../../../../arm-none-eabi/lib/armv7e-m/libm.a(lib_a-k_sin.o)
                              /Users/jeasinema/Downloads/gcc-arm-none-eabi-4_9-2015q3/bin/../lib/gcc/arm-none-eabi/4.9.3/../../../../arm-none-eabi/lib/armv7e-m/libm.a(lib_a-s_cos.o) (__kernel_sin)
/Users/jeasinema/Downloads/gcc-arm-none-eabi-4_9-2015q3/bin/../lib/gcc/arm-none-eabi/4.9.3/../../../../arm-none-eabi/lib/armv7e-m/libm.a(lib_a-s_floor.o)
                              /Users/jeasinema/Downloads/gcc-arm-none-eabi-4_9-2015q3/bin/../lib/gcc/arm-none-eabi/4.9.3/../../../../arm-none-eabi/lib/armv7e-m/libm.a(lib_a-k_rem_pio2.o) (floor)
/Users/jeasinema/Downloads/gcc-arm-none-eabi-4_9-2015q3/bin/../lib/gcc/arm-none-eabi/4.9.3/../../../../arm-none-eabi/lib/armv7e-m/libm.a(lib_a-s_fpclassify.o)
                              /Users/jeasinema/Downloads/gcc-arm-none-eabi-4_9-2015q3/bin/../lib/gcc/arm-none-eabi/4.9.3/../../../../arm-none-eabi/lib/armv7e-m/libm.a(lib_a-w_sqrt.o) (__fpclassifyd)
/Users/jeasinema/Downloads/gcc-arm-none-eabi-4_9-2015q3/bin/../lib/gcc/arm-none-eabi/4.9.3/../../../../arm-none-eabi/lib/armv7e-m/libm.a(lib_a-s_lib_ver.o)
                              /Users/jeasinema/Downloads/gcc-arm-none-eabi-4_9-2015q3/bin/../lib/gcc/arm-none-eabi/4.9.3/../../../../arm-none-eabi/lib/armv7e-m/libm.a(lib_a-w_sqrt.o) (__fdlib_version)
/Users/jeasinema/Downloads/gcc-arm-none-eabi-4_9-2015q3/bin/../lib/gcc/arm-none-eabi/4.9.3/../../../../arm-none-eabi/lib/armv7e-m/libm.a(lib_a-s_matherr.o)
                              /Users/jeasinema/Downloads/gcc-arm-none-eabi-4_9-2015q3/bin/../lib/gcc/arm-none-eabi/4.9.3/../../../../arm-none-eabi/lib/armv7e-m/libm.a(lib_a-w_sqrt.o) (matherr)
/Users/jeasinema/Downloads/gcc-arm-none-eabi-4_9-2015q3/bin/../lib/gcc/arm-none-eabi/4.9.3/../../../../arm-none-eabi/lib/armv7e-m/libm.a(lib_a-s_scalbn.o)
                              /Users/jeasinema/Downloads/gcc-arm-none-eabi-4_9-2015q3/bin/../lib/gcc/arm-none-eabi/4.9.3/../../../../arm-none-eabi/lib/armv7e-m/libm.a(lib_a-k_rem_pio2.o) (scalbn)
/Users/jeasinema/Downloads/gcc-arm-none-eabi-4_9-2015q3/bin/../lib/gcc/arm-none-eabi/4.9.3/../../../../arm-none-eabi/lib/armv7e-m/libm.a(lib_a-s_copysign.o)
[...]
Memory Configuration

Name             Origin             Length             Attributes
FLASH            0x0000000008000000 0x0000000000100000 xr
RAM              0x0000000020000000 0x0000000000020000 xrw
MEMORY_B1        0x0000000060000000 0x0000000000000000 xr
CCMRAM           0x0000000010000000 0x0000000000010000 rw
*default*        0x0000000000000000 0xffffffffffffffff

Linker script and memory map

LOAD /Users/jeasinema/Downloads/gcc-arm-none-eabi-4_9-2015q3/bin/../lib/gcc/arm-none-eabi/4.9.3/armv7e-m/crti.o
LOAD /Users/jeasinema/Downloads/gcc-arm-none-eabi-4_9-2015q3/bin/../lib/gcc/arm-none-eabi/4.9.3/armv7e-m/crtbegin.o
LOAD /Users/jeasinema/Downloads/gcc-arm-none-eabi-4_9-2015q3/bin/../lib/gcc/arm-none-eabi/4.9.3/../../../../arm-none-eabi/lib/armv7e-m/crt0.o
LOAD startup_stm32f40xx.o
LOAD ..//src/button_rocker.o
LOAD ..//src/cutterMove.o
LOAD ..//src/delay.o
LOAD ..//src/main.o
LOAD ..//src/motor.o
LOAD ..//src/sizeInput.o
LOAD ..//src/stm32f4xx_it.o
LOAD ..//src/system_stm32f4xx.o
LOAD ..//src/usart1.o
LOAD ../../Libraries/STM32F4xx_StdPeriph_Driver/src/misc.o
LOAD ../../Libraries/STM32F4xx_StdPeriph_Driver/src/stm32f4xx_adc.o
LOAD ../../Libraries/STM32F4xx_StdPeriph_Driver/src/stm32f4xx_can.o
LOAD ../../Libraries/STM32F4xx_StdPeriph_Driver/src/stm32f4xx_crc.o
LOAD ../../Libraries/STM32F4xx_StdPeriph_Driver/src/stm32f4xx_cryp.o
LOAD ../../Libraries/STM32F4xx_StdPeriph_Driver/src/stm32f4xx_cryp_aes.o
LOAD ../../Libraries/STM32F4xx_StdPeriph_Driver/src/stm32f4xx_cryp_des.o
LOAD ../../Libraries/STM32F4xx_StdPeriph_Driver/src/stm32f4xx_cryp_tdes.o
LOAD ../../Libraries/STM32F4xx_StdPeriph_Driver/src/stm32f4xx_dac.o
LOAD ../../Libraries/STM32F4xx_StdPeriph_Driver/src/stm32f4xx_dbgmcu.o
LOAD ../../Libraries/STM32F4xx_StdPeriph_Driver/src/stm32f4xx_dcmi.o
LOAD ../../Libraries/STM32F4xx_StdPeriph_Driver/src/stm32f4xx_dma.o
LOAD ../../Libraries/STM32F4xx_StdPeriph_Driver/src/stm32f4xx_exti.o
LOAD ../../Libraries/STM32F4xx_StdPeriph_Driver/src/stm32f4xx_flash.o
LOAD ../../Libraries/STM32F4xx_StdPeriph_Driver/src/stm32f4xx_fsmc.o
LOAD ../../Libraries/STM32F4xx_StdPeriph_Driver/src/stm32f4xx_gpio.o
LOAD ../../Libraries/STM32F4xx_StdPeriph_Driver/src/stm32f4xx_hash.o
LOAD ../../Libraries/STM32F4xx_StdPeriph_Driver/src/stm32f4xx_hash_md5.o
LOAD ../../Libraries/STM32F4xx_StdPeriph_Driver/src/stm32f4xx_hash_sha1.o
LOAD ../../Libraries/STM32F4xx_StdPeriph_Driver/src/stm32f4xx_i2c.o
LOAD ../../Libraries/STM32F4xx_StdPeriph_Driver/src/stm32f4xx_iwdg.o
LOAD ../../Libraries/STM32F4xx_StdPeriph_Driver/src/stm32f4xx_pwr.o
LOAD ../../Libraries/STM32F4xx_StdPeriph_Driver/src/stm32f4xx_rcc.o
LOAD ../../Libraries/STM32F4xx_StdPeriph_Driver/src/stm32f4xx_rng.o
LOAD ../../Libraries/STM32F4xx_StdPeriph_Driver/src/stm32f4xx_rtc.o
LOAD ../../Libraries/STM32F4xx_StdPeriph_Driver/src/stm32f4xx_sdio.o
LOAD ../../Libraries/STM32F4xx_StdPeriph_Driver/src/stm32f4xx_spi.o
LOAD ../../Libraries/STM32F4xx_StdPeriph_Driver/src/stm32f4xx_syscfg.o
LOAD ../../Libraries/STM32F4xx_StdPeriph_Driver/src/stm32f4xx_tim.o
LOAD ../../Libraries/STM32F4xx_StdPeriph_Driver/src/stm32f4xx_usart.o
LOAD ../../Libraries/STM32F4xx_StdPeriph_Driver/src/stm32f4xx_wwdg.o
LOAD /Users/jeasinema/Downloads/gcc-arm-none-eabi-4_9-2015q3/bin/../lib/gcc/arm-none-eabi/4.9.3/../../../../arm-none-eabi/lib/armv7e-m/libm.a
LOAD /Users/jeasinema/Downloads/gcc-arm-none-eabi-4_9-2015q3/bin/../lib/gcc/arm-none-eabi/4.9.3/../../../../arm-none-eabi/lib/armv7e-m/libstdc++_nano.a
LOAD /Users/jeasinema/Downloads/gcc-arm-none-eabi-4_9-2015q3/bin/../lib/gcc/arm-none-eabi/4.9.3/../../../../arm-none-eabi/lib/armv7e-m/libsupc++_nano.a
START GROUP
LOAD /Users/jeasinema/Downloads/gcc-arm-none-eabi-4_9-2015q3/bin/../lib/gcc/arm-none-eabi/4.9.3/armv7e-m/libgcc.a
LOAD /Users/jeasinema/Downloads/gcc-arm-none-eabi-4_9-2015q3/bin/../lib/gcc/arm-none-eabi/4.9.3/../../../../arm-none-eabi/lib/armv7e-m/libg_nano.a
LOAD /Users/jeasinema/Downloads/gcc-arm-none-eabi-4_9-2015q3/bin/../lib/gcc/arm-none-eabi/4.9.3/../../../../arm-none-eabi/lib/armv7e-m/libc_nano.a
END GROUP
START GROUP
LOAD /Users/jeasinema/Downloads/gcc-arm-none-eabi-4_9-2015q3/bin/../lib/gcc/arm-none-eabi/4.9.3/armv7e-m/libgcc.a
LOAD /Users/jeasinema/Downloads/gcc-arm-none-eabi-4_9-2015q3/bin/../lib/gcc/arm-none-eabi/4.9.3/../../../../arm-none-eabi/lib/armv7e-m/libc_nano.a
LOAD /Users/jeasinema/Downloads/gcc-arm-none-eabi-4_9-2015q3/bin/../lib/gcc/arm-none-eabi/4.9.3/../../../../arm-none-eabi/lib/armv7e-m/libnosys.a
END GROUP
START GROUP
LOAD /Users/jeasinema/Downloads/gcc-arm-none-eabi-4_9-2015q3/bin/../lib/gcc/arm-none-eabi/4.9.3/armv7e-m/libgcc.a
LOAD /Users/jeasinema/Downloads/gcc-arm-none-eabi-4_9-2015q3/bin/../lib/gcc/arm-none-eabi/4.9.3/../../../../arm-none-eabi/lib/armv7e-m/libc_nano.a
LOAD /Users/jeasinema/Downloads/gcc-arm-none-eabi-4_9-2015q3/bin/../lib/gcc/arm-none-eabi/4.9.3/../../../../arm-none-eabi/lib/armv7e-m/libnosys.a
END GROUP
LOAD /Users/jeasinema/Downloads/gcc-arm-none-eabi-4_9-2015q3/bin/../lib/gcc/arm-none-eabi/4.9.3/armv7e-m/crtend.o
LOAD /Users/jeasinema/Downloads/gcc-arm-none-eabi-4_9-2015q3/bin/../lib/gcc/arm-none-eabi/4.9.3/armv7e-m/crtn.o
                0x0000000020020000                _estack = 0x20020000
                0x0000000000000000                _Min_Heap_Size = 0x0
                0x0000000000001000                _Min_Stack_Size = 0x1000

.isr_vector     0x0000000008000000      0x188
                0x0000000008000000                . = ALIGN (0x4)
 *(.isr_vector)
 .isr_vector    0x0000000008000000      0x188 startup_stm32f40xx.o
                0x0000000008000000                g_pfnVectors
                0x0000000008000188                . = ALIGN (0x4)

.text           0x0000000008000188     0x55b4
                0x0000000008000188                . = ALIGN (0x4)
 *(.text)
 .text          0x0000000008000188       0x5c /Users/jeasinema/Downloads/gcc-arm-none-eabi-4_9-2015q3/bin/../lib/gcc/arm-none-eabi/4.9.3/armv7e-m/crtbegin.o
 .text          0x00000000080001e4      0x370 /Users/jeasinema/Downloads/gcc-arm-none-eabi-4_9-2015q3/bin/../lib/gcc/arm-none-eabi/4.9.3/armv7e-m/libgcc.a(_arm_addsubdf3.o)
                0x00000000080001e4                __aeabi_drsub
                0x00000000080001ec                __subdf3
                0x00000000080001ec                __aeabi_dsub
                0x00000000080001f0                __aeabi_dadd
                0x00000000080001f0                __adddf3
                0x0000000008000468                __aeabi_ui2d
                0x0000000008000468                __floatunsidf
                0x0000000008000488                __floatsidf
                0x0000000008000488                __aeabi_i2d
                0x00000000080004ac                __extendsfdf2
                0x00000000080004ac                __aeabi_f2d
                0x00000000080004e8                __aeabi_ul2d
                0x00000000080004e8                __floatundidf
                0x00000000080004f8                __aeabi_l2d
                0x00000000080004f8                __floatdidf
 .text          0x0000000008000554      0x424 /Users/jeasinema/Downloads/gcc-arm-none-eabi-4_9-2015q3/bin/../lib/gcc/arm-none-eabi/4.9.3/armv7e-m/libgcc.a(_arm_muldivdf3.o)
                0x0000000008000554                __aeabi_dmul
                0x0000000008000554                __muldf3
                0x00000000080007a8                __aeabi_ddiv
                0x00000000080007a8                __divdf3
 .text          0x0000000008000978      0x110 /Users/jeasinema/Downloads/gcc-arm-none-eabi-4_9-2015q3/bin/../lib/gcc/arm-none-eabi/4.9.3/armv7e-m/libgcc.a(_arm_cmpdf2.o)
                0x0000000008000978                __gtdf2
                0x0000000008000978                __gedf2
                0x0000000008000980                __ltdf2
                0x0000000008000980                __ledf2
                0x0000000008000988                __eqdf2
                0x0000000008000988                __nedf2
                0x0000000008000988                __cmpdf2
                0x0000000008000a04                __aeabi_cdrcmple
                0x0000000008000a14                __aeabi_cdcmple
                0x0000000008000a14                __aeabi_cdcmpeq
                0x0000000008000a24                __aeabi_dcmpeq
                0x0000000008000a38                __aeabi_dcmplt
                0x0000000008000a4c                __aeabi_dcmple
                0x0000000008000a60                __aeabi_dcmpge
                0x0000000008000a74                __aeabi_dcmpgt
 .text          0x0000000008000a88       0x50 /Users/jeasinema/Downloads/gcc-arm-none-eabi-4_9-2015q3/bin/../lib/gcc/arm-none-eabi/4.9.3/armv7e-m/libgcc.a(_arm_fixdfsi.o)
                0x0000000008000a88                __fixdfsi
                0x0000000008000a88                __aeabi_d2iz
 .text          0x0000000008000ad8       0xa0 /Users/jeasinema/Downloads/gcc-arm-none-eabi-4_9-2015q3/bin/../lib/gcc/arm-none-eabi/4.9.3/armv7e-m/libgcc.a(_arm_truncdfsf2.o)
                0x0000000008000ad8                __aeabi_d2f
                0x0000000008000ad8                __truncdfsf2
 .text          0x0000000008000b78      0x21c /Users/jeasinema/Downloads/gcc-arm-none-eabi-4_9-2015q3/bin/../lib/gcc/arm-none-eabi/4.9.3/armv7e-m/libgcc.a(_arm_addsubsf3.o)
                0x0000000008000b78                __aeabi_frsub
                0x0000000008000b80                __aeabi_fsub
                0x0000000008000b80                __subsf3
                0x0000000008000b84                __aeabi_fadd
                0x0000000008000b84                __addsf3
                0x0000000008000ce4                __aeabi_ui2f
                0x0000000008000ce4                __floatunsisf
                0x0000000008000cec                __floatsisf
                0x0000000008000cec                __aeabi_i2f
                0x0000000008000d08                __aeabi_ul2f
                0x0000000008000d08                __floatundisf
                0x0000000008000d18                __aeabi_l2f
                0x0000000008000d18                __floatdisf
 .text          0x0000000008000d94      0x2a0 /Users/jeasinema/Downloads/gcc-arm-none-eabi-4_9-2015q3/bin/../lib/gcc/arm-none-eabi/4.9.3/armv7e-m/libgcc.a(_arm_muldivsf3.o)
                0x0000000008000d94                __mulsf3
                0x0000000008000d94                __aeabi_fmul
                0x0000000008000efc                __divsf3
                0x0000000008000efc                __aeabi_fdiv
 .text          0x0000000008001034       0xec /Users/jeasinema/Downloads/gcc-arm-none-eabi-4_9-2015q3/bin/../lib/gcc/arm-none-eabi/4.9.3/armv7e-m/libgcc.a(_arm_cmpsf2.o)
                0x0000000008001034                __gesf2
                0x0000000008001034                __gtsf2
                0x000000000800103c                __ltsf2
                0x000000000800103c                __lesf2
                0x0000000008001044                __nesf2
                0x0000000008001044                __eqsf2
                0x0000000008001044                __cmpsf2
                0x00000000080010a4                __aeabi_cfrcmple
                0x00000000080010ac                __aeabi_cfcmpeq
                0x00000000080010ac                __aeabi_cfcmple
                0x00000000080010bc                __aeabi_fcmpeq
                0x00000000080010d0                __aeabi_fcmplt
                0x00000000080010e4                __aeabi_fcmple
                0x00000000080010f8                __aeabi_fcmpge
                0x000000000800110c                __aeabi_fcmpgt
 .text          0x0000000008001120       0x40 /Users/jeasinema/Downloads/gcc-arm-none-eabi-4_9-2015q3/bin/../lib/gcc/arm-none-eabi/4.9.3/armv7e-m/libgcc.a(_arm_fixunssfsi.o)
                0x0000000008001120                __aeabi_f2uiz
                0x0000000008001120                __fixunssfsi
 *(.text*)
 .text.Reset_Handler
                0x0000000008001160       0x48 startup_stm32f40xx.o
                0x0000000008001160                Reset_Handler
 .text.Default_Handler
                0x00000000080011a8        0x2 startup_stm32f40xx.o
                0x00000000080011a8                DMA1_Stream3_IRQHandler
                0x00000000080011a8                HASH_RNG_IRQHandler
                0x00000000080011a8                TIM8_CC_IRQHandler
                0x00000000080011a8                TIM1_CC_IRQHandler
                0x00000000080011a8                DMA2_Stream5_IRQHandler
                0x00000000080011a8                DMA1_Stream5_IRQHandler
                0x00000000080011a8                PVD_IRQHandler
                0x00000000080011a8                SDIO_IRQHandler
                0x00000000080011a8                TAMP_STAMP_IRQHandler
                0x00000000080011a8                PendSV_Handler
                0x00000000080011a8                CAN2_RX1_IRQHandler
                0x00000000080011a8                TIM8_TRG_COM_TIM14_IRQHandler
                0x00000000080011a8                TIM1_UP_TIM10_IRQHandler
                0x00000000080011a8                TIM8_UP_TIM13_IRQHandler
                0x00000000080011a8                I2C3_ER_IRQHandler
                0x00000000080011a8                I2C2_EV_IRQHandler
                0x00000000080011a8                DMA1_Stream2_IRQHandler
                0x00000000080011a8                CAN1_RX0_IRQHandler
                0x00000000080011a8                FPU_IRQHandler
                0x00000000080011a8                OTG_HS_WKUP_IRQHandler
                0x00000000080011a8                CAN2_SCE_IRQHandler
                0x00000000080011a8                DMA2_Stream2_IRQHandler
                0x00000000080011a8                SPI1_IRQHandler
                0x00000000080011a8                TIM6_DAC_IRQHandler
                0x00000000080011a8                TIM1_BRK_TIM9_IRQHandler
                0x00000000080011a8                DCMI_IRQHandler
                0x00000000080011a8                CAN2_RX0_IRQHandler
                0x00000000080011a8                DMA2_Stream3_IRQHandler
                0x00000000080011a8                USART6_IRQHandler
                0x00000000080011a8                USART3_IRQHandler
                0x00000000080011a8                CRYP_IRQHandler
                0x00000000080011a8                CAN1_RX1_IRQHandler
                0x00000000080011a8                UART5_IRQHandler
                0x00000000080011a8                TIM4_IRQHandler
                0x00000000080011a8                I2C1_EV_IRQHandler
                0x00000000080011a8                DMA1_Stream6_IRQHandler
                0x00000000080011a8                DMA1_Stream1_IRQHandler
                0x00000000080011a8                UART4_IRQHandler
                0x00000000080011a8                TIM3_IRQHandler
                0x00000000080011a8                RCC_IRQHandler
                0x00000000080011a8                TIM8_BRK_TIM12_IRQHandler
                0x00000000080011a8                Default_Handler
                0x00000000080011a8                ADC_IRQHandler
                0x00000000080011a8                DMA1_Stream7_IRQHandler
                0x00000000080011a8                TIM7_IRQHandler
                0x00000000080011a8                CAN2_TX_IRQHandler
                0x00000000080011a8                TIM5_IRQHandler
                0x00000000080011a8                DMA2_Stream7_IRQHandler
                0x00000000080011a8                I2C3_EV_IRQHandler
                0x00000000080011a8                EXTI9_5_IRQHandler
                0x00000000080011a8                RTC_WKUP_IRQHandler
                0x00000000080011a8                ETH_WKUP_IRQHandler
                0x00000000080011a8                SPI2_IRQHandler
                0x00000000080011a8                OTG_HS_EP1_IN_IRQHandler
                0x00000000080011a8                DMA1_Stream0_IRQHandler
                0x00000000080011a8                CAN1_TX_IRQHandler
                0x00000000080011a8                SVC_Handler
                0x00000000080011a8                EXTI4_IRQHandler
                0x00000000080011a8                FSMC_IRQHandler
                0x00000000080011a8                ETH_IRQHandler
                0x00000000080011a8                OTG_HS_EP1_OUT_IRQHandler
                0x00000000080011a8                WWDG_IRQHandler
                0x00000000080011a8                TIM2_IRQHandler
                0x00000000080011a8                OTG_FS_WKUP_IRQHandler
                0x00000000080011a8                TIM1_TRG_COM_TIM11_IRQHandler
                0x00000000080011a8                OTG_HS_IRQHandler
                0x00000000080011a8                USART2_IRQHandler
                0x00000000080011a8                I2C2_ER_IRQHandler
                0x00000000080011a8                DMA2_Stream1_IRQHandler
                0x00000000080011a8                CAN1_SCE_IRQHandler
                0x00000000080011a8                FLASH_IRQHandler
                0x00000000080011a8                DMA2_Stream4_IRQHandler
                0x00000000080011a8                USART1_IRQHandler
                0x00000000080011a8                OTG_FS_IRQHandler
                0x00000000080011a8                SPI3_IRQHandler
                0x00000000080011a8                DMA1_Stream4_IRQHandler
                0x00000000080011a8                I2C1_ER_IRQHandler
                0x00000000080011a8                DMA2_Stream6_IRQHandler
                0x00000000080011a8                RTC_Alarm_IRQHandler
 *fill*         0x00000000080011aa        0x2 
 .text.Rocker_Init
                0x00000000080011ac      0x1d0 ..//src/button_rocker.o
                0x00000000080011ac                Rocker_Init
 .text.DMA2_Stream0_IRQHandler
                0x000000000800137c       0xa4 ..//src/button_rocker.o
                0x000000000800137c                DMA2_Stream0_IRQHandler
 .text.ABS      0x0000000008001420       0x24 ..//src/button_rocker.o
                0x0000000008001420                ABS
 *fill*         0x0000000008001444        0x4 
 .text.Rocker_Cmd
                0x0000000008001448      0x268 ..//src/button_rocker.o
                0x0000000008001448                Rocker_Cmd
 .text.Exec_Cmd
                0x00000000080016b0       0x5c ..//src/button_rocker.o
                0x00000000080016b0                Exec_Cmd
 .text.Cutter_Move_Manually
                0x000000000800170c       0x20 ..//src/cutterMove.o
                0x000000000800170c                Cutter_Move_Manually
 .text.Cutter_Move_Automatically
                0x000000000800172c      0x148 ..//src/cutterMove.o
                0x000000000800172c                Cutter_Move_Automatically
 .text.Cutter_Move_Drill
                0x0000000008001874       0x74 ..//src/cutterMove.o
                0x0000000008001874                Cutter_Move_Drill
 .text.EXTI0_IRQHandler
                0x00000000080018e8       0x34 ..//src/cutterMove.o
                0x00000000080018e8                EXTI0_IRQHandler
 .text.EXTI1_IRQHandler
                0x000000000800191c       0x30 ..//src/cutterMove.o
                0x000000000800191c                EXTI1_IRQHandler
 .text.EXTI2_IRQHandler
                0x000000000800194c       0x34 ..//src/cutterMove.o
                0x000000000800194c                EXTI2_IRQHandler
 .text.EXTI3_IRQHandler
                0x0000000008001980       0x30 ..//src/cutterMove.o
                0x0000000008001980                EXTI3_IRQHandler
 .text.delay_ms
                0x00000000080019b0       0x58 ..//src/delay.o
                0x00000000080019b0                delay_ms
 .text.Delay_Init
                0x0000000008001a08       0x5c ..//src/delay.o
                0x0000000008001a08                Delay_Init
 .text.main     0x0000000008001a64       0x40 ..//src/main.o
                0x0000000008001a64                main
 .text.Motor_Init
                0x0000000008001aa4      0x4fc ..//src/motor.o
                0x0000000008001aa4                Motor_Init
 .text.Stepper_Speed
                0x0000000008001fa0      0x1a4 ..//src/motor.o
                0x0000000008001fa0                Stepper_Speed
 .text.DCMotor_Speed
                0x0000000008002144       0x4c ..//src/motor.o
                0x0000000008002144                DCMotor_Speed
 .text.Delay    0x0000000008002190       0x20 ..//src/motor.o
                0x0000000008002190                Delay
 .text.Calculate_Route
                0x00000000080021b0      0x4e4 ..//src/sizeInput.o
                0x00000000080021b0                Calculate_Route
 .text.Auto_Cmd
                0x0000000008002694       0x44 ..//src/sizeInput.o
                0x0000000008002694                Auto_Cmd
 .text.stop_Auto_Cmd
                0x00000000080026d8       0x54 ..//src/sizeInput.o
                0x00000000080026d8                stop_Auto_Cmd
 .text.NMI_Handler
                0x000000000800272c        0xc ..//src/stm32f4xx_it.o
                0x000000000800272c                NMI_Handler
 .text.HardFault_Handler
                0x0000000008002738        0x8 ..//src/stm32f4xx_it.o
                0x0000000008002738                HardFault_Handler
 .text.MemManage_Handler
                0x0000000008002740        0x8 ..//src/stm32f4xx_it.o
                0x0000000008002740                MemManage_Handler
 .text.BusFault_Handler
                0x0000000008002748        0x8 ..//src/stm32f4xx_it.o
                0x0000000008002748                BusFault_Handler
 .text.UsageFault_Handler
                0x0000000008002750        0x8 ..//src/stm32f4xx_it.o
                0x0000000008002750                UsageFault_Handler
 .text.DebugMon_Handler
                0x0000000008002758        0xc ..//src/stm32f4xx_it.o
                0x0000000008002758                DebugMon_Handler
 .text.SysTick_Handler
                0x0000000008002764       0x98 ..//src/stm32f4xx_it.o
                0x0000000008002764                SysTick_Handler
 .text.EXTI15_10_IRQHandler
                0x00000000080027fc        0xc ..//src/stm32f4xx_it.o
                0x00000000080027fc                EXTI15_10_IRQHandler
 .text.SystemInit
                0x0000000008002808       0x58 ..//src/system_stm32f4xx.o
                0x0000000008002808                SystemInit
 .text.SetSysClock
                0x0000000008002860      0x110 ..//src/system_stm32f4xx.o
 .text.USART1_Config
                0x0000000008002970       0x9c ..//src/usart1.o
                0x0000000008002970                USART1_Config
 .text.NVIC_Init
                0x0000000008002a0c       0xc0 ../../Libraries/STM32F4xx_StdPeriph_Driver/src/misc.o
                0x0000000008002a0c                NVIC_Init
 .text.ADC_Init
                0x0000000008002acc       0xa8 ../../Libraries/STM32F4xx_StdPeriph_Driver/src/stm32f4xx_adc.o
                0x0000000008002acc                ADC_Init
 .text.ADC_CommonInit
                0x0000000008002b74       0x50 ../../Libraries/STM32F4xx_StdPeriph_Driver/src/stm32f4xx_adc.o
                0x0000000008002b74                ADC_CommonInit
 .text.ADC_Cmd  0x0000000008002bc4       0x38 ../../Libraries/STM32F4xx_StdPeriph_Driver/src/stm32f4xx_adc.o
                0x0000000008002bc4                ADC_Cmd
 .text.ADC_RegularChannelConfig
                0x0000000008002bfc      0x194 ../../Libraries/STM32F4xx_StdPeriph_Driver/src/stm32f4xx_adc.o
                0x0000000008002bfc                ADC_RegularChannelConfig
 .text.ADC_SoftwareStartConv
                0x0000000008002d90       0x20 ../../Libraries/STM32F4xx_StdPeriph_Driver/src/stm32f4xx_adc.o
                0x0000000008002d90                ADC_SoftwareStartConv
 .text.ADC_EOCOnEachRegularChannelCmd
                0x0000000008002db0       0x38 ../../Libraries/STM32F4xx_StdPeriph_Driver/src/stm32f4xx_adc.o
                0x0000000008002db0                ADC_EOCOnEachRegularChannelCmd
 .text.ADC_DMACmd
                0x0000000008002de8       0x38 ../../Libraries/STM32F4xx_StdPeriph_Driver/src/stm32f4xx_adc.o
                0x0000000008002de8                ADC_DMACmd
 .text.ADC_DMARequestAfterLastTransferCmd
                0x0000000008002e20       0x38 ../../Libraries/STM32F4xx_StdPeriph_Driver/src/stm32f4xx_adc.o
                0x0000000008002e20                ADC_DMARequestAfterLastTransferCmd
 .text.DMA_Init
                0x0000000008002e58       0xac ../../Libraries/STM32F4xx_StdPeriph_Driver/src/stm32f4xx_dma.o
                0x0000000008002e58                DMA_Init
 .text.DMA_Cmd  0x0000000008002f04       0x38 ../../Libraries/STM32F4xx_StdPeriph_Driver/src/stm32f4xx_dma.o
                0x0000000008002f04                DMA_Cmd
 .text.DMA_ITConfig
                0x0000000008002f3c       0x74 ../../Libraries/STM32F4xx_StdPeriph_Driver/src/stm32f4xx_dma.o
                0x0000000008002f3c                DMA_ITConfig
 .text.DMA_GetITStatus
                0x0000000008002fb0       0xb0 ../../Libraries/STM32F4xx_StdPeriph_Driver/src/stm32f4xx_dma.o
                0x0000000008002fb0                DMA_GetITStatus
 .text.DMA_ClearITPendingBit
                0x0000000008003060       0x5c ../../Libraries/STM32F4xx_StdPeriph_Driver/src/stm32f4xx_dma.o
                0x0000000008003060                DMA_ClearITPendingBit
 .text.EXTI_Init
                0x00000000080030bc       0xe4 ../../Libraries/STM32F4xx_StdPeriph_Driver/src/stm32f4xx_exti.o
                0x00000000080030bc                EXTI_Init
 .text.EXTI_GetITStatus
                0x00000000080031a0       0x48 ../../Libraries/STM32F4xx_StdPeriph_Driver/src/stm32f4xx_exti.o
                0x00000000080031a0                EXTI_GetITStatus
 .text.EXTI_ClearITPendingBit
                0x00000000080031e8       0x1c ../../Libraries/STM32F4xx_StdPeriph_Driver/src/stm32f4xx_exti.o
                0x00000000080031e8                EXTI_ClearITPendingBit
 .text.GPIO_Init
                0x0000000008003204      0x11c ../../Libraries/STM32F4xx_StdPeriph_Driver/src/stm32f4xx_gpio.o
                0x0000000008003204                GPIO_Init
 .text.GPIO_ReadInputDataBit
                0x0000000008003320       0x34 ../../Libraries/STM32F4xx_StdPeriph_Driver/src/stm32f4xx_gpio.o
                0x0000000008003320                GPIO_ReadInputDataBit
 .text.GPIO_SetBits
                0x0000000008003354       0x1c ../../Libraries/STM32F4xx_StdPeriph_Driver/src/stm32f4xx_gpio.o
                0x0000000008003354                GPIO_SetBits
 .text.GPIO_ResetBits
                0x0000000008003370       0x1c ../../Libraries/STM32F4xx_StdPeriph_Driver/src/stm32f4xx_gpio.o
                0x0000000008003370                GPIO_ResetBits
 .text.GPIO_PinAFConfig
                0x000000000800338c       0x90 ../../Libraries/STM32F4xx_StdPeriph_Driver/src/stm32f4xx_gpio.o
                0x000000000800338c                GPIO_PinAFConfig
 .text.RCC_HCLKConfig
                0x000000000800341c       0x38 ../../Libraries/STM32F4xx_StdPeriph_Driver/src/stm32f4xx_rcc.o
                0x000000000800341c                RCC_HCLKConfig
 .text.RCC_GetClocksFreq
                0x0000000008003454      0x154 ../../Libraries/STM32F4xx_StdPeriph_Driver/src/stm32f4xx_rcc.o
                0x0000000008003454                RCC_GetClocksFreq
 .text.RCC_AHB1PeriphClockCmd
                0x00000000080035a8       0x3c ../../Libraries/STM32F4xx_StdPeriph_Driver/src/stm32f4xx_rcc.o
                0x00000000080035a8                RCC_AHB1PeriphClockCmd
 .text.RCC_APB1PeriphClockCmd
                0x00000000080035e4       0x3c ../../Libraries/STM32F4xx_StdPeriph_Driver/src/stm32f4xx_rcc.o
                0x00000000080035e4                RCC_APB1PeriphClockCmd
 .text.RCC_APB2PeriphClockCmd
                0x0000000008003620       0x3c ../../Libraries/STM32F4xx_StdPeriph_Driver/src/stm32f4xx_rcc.o
                0x0000000008003620                RCC_APB2PeriphClockCmd
 .text.SYSCFG_EXTILineConfig
                0x000000000800365c       0x84 ../../Libraries/STM32F4xx_StdPeriph_Driver/src/stm32f4xx_syscfg.o
                0x000000000800365c                SYSCFG_EXTILineConfig
 .text.TIM_TimeBaseInit
                0x00000000080036e0       0xd4 ../../Libraries/STM32F4xx_StdPeriph_Driver/src/stm32f4xx_tim.o
                0x00000000080036e0                TIM_TimeBaseInit
 .text.TIM_ARRPreloadConfig
                0x00000000080037b4       0x40 ../../Libraries/STM32F4xx_StdPeriph_Driver/src/stm32f4xx_tim.o
                0x00000000080037b4                TIM_ARRPreloadConfig
 .text.TIM_Cmd  0x00000000080037f4       0x40 ../../Libraries/STM32F4xx_StdPeriph_Driver/src/stm32f4xx_tim.o
                0x00000000080037f4                TIM_Cmd
 .text.TIM_OC1Init
                0x0000000008003834       0xf4 ../../Libraries/STM32F4xx_StdPeriph_Driver/src/stm32f4xx_tim.o
                0x0000000008003834                TIM_OC1Init
 .text.TIM_OCStructInit
                0x0000000008003928       0x44 ../../Libraries/STM32F4xx_StdPeriph_Driver/src/stm32f4xx_tim.o
                0x0000000008003928                TIM_OCStructInit
 .text.TIM_SetCompare1
                0x000000000800396c       0x1c ../../Libraries/STM32F4xx_StdPeriph_Driver/src/stm32f4xx_tim.o
                0x000000000800396c                TIM_SetCompare1
 .text.TIM_OC1PreloadConfig
                0x0000000008003988       0x38 ../../Libraries/STM32F4xx_StdPeriph_Driver/src/stm32f4xx_tim.o
                0x0000000008003988                TIM_OC1PreloadConfig
 .text.TIM_CtrlPWMOutputs
                0x00000000080039c0       0x4c ../../Libraries/STM32F4xx_StdPeriph_Driver/src/stm32f4xx_tim.o
                0x00000000080039c0                TIM_CtrlPWMOutputs
 .text.USART_Init
                0x0000000008003a0c      0x178 ../../Libraries/STM32F4xx_StdPeriph_Driver/src/stm32f4xx_usart.o
                0x0000000008003a0c                USART_Init
 .text.USART_Cmd
                0x0000000008003b84       0x40 ../../Libraries/STM32F4xx_StdPeriph_Driver/src/stm32f4xx_usart.o
                0x0000000008003b84                USART_Cmd
 .text.USART_ITConfig
                0x0000000008003bc4       0x90 ../../Libraries/STM32F4xx_StdPeriph_Driver/src/stm32f4xx_usart.o
                0x0000000008003bc4                USART_ITConfig
 .text.USART_ClearFlag
                0x0000000008003c54       0x20 ../../Libraries/STM32F4xx_StdPeriph_Driver/src/stm32f4xx_usart.o
                0x0000000008003c54                USART_ClearFlag
 .text.USART_ClearITPendingBit
                0x0000000008003c74       0x38 ../../Libraries/STM32F4xx_StdPeriph_Driver/src/stm32f4xx_usart.o
                0x0000000008003c74                USART_ClearITPendingBit
 *fill*         0x0000000008003cac        0x4 
 .text.atan     0x0000000008003cb0      0x334 /Users/jeasinema/Downloads/gcc-arm-none-eabi-4_9-2015q3/bin/../lib/gcc/arm-none-eabi/4.9.3/../../../../arm-none-eabi/lib/armv7e-m/libm.a(lib_a-s_atan.o)
                0x0000000008003cb0                atan
 .text.cos      0x0000000008003fe4       0x88 /Users/jeasinema/Downloads/gcc-arm-none-eabi-4_9-2015q3/bin/../lib/gcc/arm-none-eabi/4.9.3/../../../../arm-none-eabi/lib/armv7e-m/libm.a(lib_a-s_cos.o)
                0x0000000008003fe4                cos
 .text.fabs     0x000000000800406c        0x8 /Users/jeasinema/Downloads/gcc-arm-none-eabi-4_9-2015q3/bin/../lib/gcc/arm-none-eabi/4.9.3/../../../../arm-none-eabi/lib/armv7e-m/libm.a(lib_a-s_fabs.o)
                0x000000000800406c                fabs
 .text.sin      0x0000000008004074       0x94 /Users/jeasinema/Downloads/gcc-arm-none-eabi-4_9-2015q3/bin/../lib/gcc/arm-none-eabi/4.9.3/../../../../arm-none-eabi/lib/armv7e-m/libm.a(lib_a-s_sin.o)
                0x0000000008004074                sin
 .text.sqrt     0x0000000008004108       0xac /Users/jeasinema/Downloads/gcc-arm-none-eabi-4_9-2015q3/bin/../lib/gcc/arm-none-eabi/4.9.3/../../../../arm-none-eabi/lib/armv7e-m/libm.a(lib_a-w_sqrt.o)
                0x0000000008004108                sqrt
 *fill*         0x00000000080041b4        0x4 
 .text.__ieee754_rem_pio2
                0x00000000080041b8      0x444 /Users/jeasinema/Downloads/gcc-arm-none-eabi-4_9-2015q3/bin/../lib/gcc/arm-none-eabi/4.9.3/../../../../arm-none-eabi/lib/armv7e-m/libm.a(lib_a-e_rem_pio2.o)
                0x00000000080041b8                __ieee754_rem_pio2
 .text.__ieee754_sqrt
                0x00000000080045fc      0x188 /Users/jeasinema/Downloads/gcc-arm-none-eabi-4_9-2015q3/bin/../lib/gcc/arm-none-eabi/4.9.3/../../../../arm-none-eabi/lib/armv7e-m/libm.a(lib_a-e_sqrt.o)
                0x00000000080045fc                __ieee754_sqrt
 *fill*         0x0000000008004784        0x4 
 .text.__kernel_cos
                0x0000000008004788      0x248 /Users/jeasinema/Downloads/gcc-arm-none-eabi-4_9-2015q3/bin/../lib/gcc/arm-none-eabi/4.9.3/../../../../arm-none-eabi/lib/armv7e-m/libm.a(lib_a-k_cos.o)
                0x0000000008004788                __kernel_cos
 .text.__kernel_rem_pio2
                0x00000000080049d0      0x808 /Users/jeasinema/Downloads/gcc-arm-none-eabi-4_9-2015q3/bin/../lib/gcc/arm-none-eabi/4.9.3/../../../../arm-none-eabi/lib/armv7e-m/libm.a(lib_a-k_rem_pio2.o)
                0x00000000080049d0                __kernel_rem_pio2
 .text.__kernel_sin
                0x00000000080051d8      0x16c /Users/jeasinema/Downloads/gcc-arm-none-eabi-4_9-2015q3/bin/../lib/gcc/arm-none-eabi/4.9.3/../../../../arm-none-eabi/lib/armv7e-m/libm.a(lib_a-k_sin.o)
                0x00000000080051d8                __kernel_sin
 *fill*         0x0000000008005344        0x4 
 .text.floor    0x0000000008005348      0x118 /Users/jeasinema/Downloads/gcc-arm-none-eabi-4_9-2015q3/bin/../lib/gcc/arm-none-eabi/4.9.3/../../../../arm-none-eabi/lib/armv7e-m/libm.a(lib_a-s_floor.o)
                0x0000000008005348                floor
 .text.__fpclassifyd
                0x0000000008005460       0x58 /Users/jeasinema/Downloads/gcc-arm-none-eabi-4_9-2015q3/bin/../lib/gcc/arm-none-eabi/4.9.3/../../../../arm-none-eabi/lib/armv7e-m/libm.a(lib_a-s_fpclassify.o)
                0x0000000008005460                __fpclassifyd
 .text.matherr  0x00000000080054b8        0x4 /Users/jeasinema/Downloads/gcc-arm-none-eabi-4_9-2015q3/bin/../lib/gcc/arm-none-eabi/4.9.3/../../../../arm-none-eabi/lib/armv7e-m/libm.a(lib_a-s_matherr.o)
                0x00000000080054b8                matherr
 *fill*         0x00000000080054bc        0x4 
 .text.scalbn   0x00000000080054c0      0x104 /Users/jeasinema/Downloads/gcc-arm-none-eabi-4_9-2015q3/bin/../lib/gcc/arm-none-eabi/4.9.3/../../../../arm-none-eabi/lib/armv7e-m/libm.a(lib_a-s_scalbn.o)
                0x00000000080054c0                scalbn
 .text.copysign
                0x00000000080055c4       0x10 /Users/jeasinema/Downloads/gcc-arm-none-eabi-4_9-2015q3/bin/../lib/gcc/arm-none-eabi/4.9.3/../../../../arm-none-eabi/lib/armv7e-m/libm.a(lib_a-s_copysign.o)
                0x00000000080055c4                copysign
 .text.__errno  0x00000000080055d4        0xc /Users/jeasinema/Downloads/gcc-arm-none-eabi-4_9-2015q3/bin/../lib/gcc/arm-none-eabi/4.9.3/../../../../arm-none-eabi/lib/armv7e-m/libg_nano.a(lib_a-errno.o)
                0x00000000080055d4                __errno
 .text.__libc_init_array
                0x00000000080055e0       0x4c /Users/jeasinema/Downloads/gcc-arm-none-eabi-4_9-2015q3/bin/../lib/gcc/arm-none-eabi/4.9.3/../../../../arm-none-eabi/lib/armv7e-m/libg_nano.a(lib_a-init.o)
                0x00000000080055e0                __libc_init_array
 .text.malloc   0x000000000800562c       0x10 /Users/jeasinema/Downloads/gcc-arm-none-eabi-4_9-2015q3/bin/../lib/gcc/arm-none-eabi/4.9.3/../../../../arm-none-eabi/lib/armv7e-m/libg_nano.a(lib_a-malloc.o)
                0x000000000800562c                malloc
 .text._malloc_r
                0x000000000800563c       0xac /Users/jeasinema/Downloads/gcc-arm-none-eabi-4_9-2015q3/bin/../lib/gcc/arm-none-eabi/4.9.3/../../../../arm-none-eabi/lib/armv7e-m/libg_nano.a(lib_a-nano-mallocr.o)
                0x000000000800563c                _malloc_r
 .text._sbrk_r  0x00000000080056e8       0x20 /Users/jeasinema/Downloads/gcc-arm-none-eabi-4_9-2015q3/bin/../lib/gcc/arm-none-eabi/4.9.3/../../../../arm-none-eabi/lib/armv7e-m/libg_nano.a(lib_a-sbrkr.o)
                0x00000000080056e8                _sbrk_r
 .text._sbrk    0x0000000008005708       0x1c /Users/jeasinema/Downloads/gcc-arm-none-eabi-4_9-2015q3/bin/../lib/gcc/arm-none-eabi/4.9.3/../../../../arm-none-eabi/lib/armv7e-m/libnosys.a(sbrk.o)
                0x0000000008005708                _sbrk
 *(.glue_7)
 .glue_7        0x0000000000000000        0x0 linker stubs
 *(.glue_7t)
 .glue_7t       0x0000000000000000        0x0 linker stubs
 *(.eh_frame)
 .eh_frame      0x0000000008005724        0x0 /Users/jeasinema/Downloads/gcc-arm-none-eabi-4_9-2015q3/bin/../lib/gcc/arm-none-eabi/4.9.3/armv7e-m/crtbegin.o
 *(.init)
 .init          0x0000000008005724        0x4 /Users/jeasinema/Downloads/gcc-arm-none-eabi-4_9-2015q3/bin/../lib/gcc/arm-none-eabi/4.9.3/armv7e-m/crti.o
                0x0000000008005724                _init
 .init          0x0000000008005728        0x8 /Users/jeasinema/Downloads/gcc-arm-none-eabi-4_9-2015q3/bin/../lib/gcc/arm-none-eabi/4.9.3/armv7e-m/crtn.o
 *(.fini)
 .fini          0x0000000008005730        0x4 /Users/jeasinema/Downloads/gcc-arm-none-eabi-4_9-2015q3/bin/../lib/gcc/arm-none-eabi/4.9.3/armv7e-m/crti.o
                0x0000000008005730                _fini
 .fini          0x0000000008005734        0x8 /Users/jeasinema/Downloads/gcc-arm-none-eabi-4_9-2015q3/bin/../lib/gcc/arm-none-eabi/4.9.3/armv7e-m/crtn.o
                0x000000000800573c                . = ALIGN (0x4)
                0x000000000800573c                _etext = .

.vfp11_veneer   0x000000000800573c        0x0
 .vfp11_veneer  0x0000000000000000        0x0 linker stubs

.v4_bx          0x000000000800573c        0x0
 .v4_bx         0x0000000000000000        0x0 linker stubs

.iplt           0x000000000800573c        0x0
 .iplt          0x0000000000000000        0x0 /Users/jeasinema/Downloads/gcc-arm-none-eabi-4_9-2015q3/bin/../lib/gcc/arm-none-eabi/4.9.3/armv7e-m/crtbegin.o

.rodata         0x0000000008005740      0x224
                0x0000000008005740                . = ALIGN (0x4)
 *(.rodata)
 *(.rodata*)
 .rodata.atanlo
                0x0000000008005740       0x20 /Users/jeasinema/Downloads/gcc-arm-none-eabi-4_9-2015q3/bin/../lib/gcc/arm-none-eabi/4.9.3/../../../../arm-none-eabi/lib/armv7e-m/libm.a(lib_a-s_atan.o)
 .rodata.atanhi
                0x0000000008005760       0x20 /Users/jeasinema/Downloads/gcc-arm-none-eabi-4_9-2015q3/bin/../lib/gcc/arm-none-eabi/4.9.3/../../../../arm-none-eabi/lib/armv7e-m/libm.a(lib_a-s_atan.o)
 .rodata.str1.4
                0x0000000008005780        0x8 /Users/jeasinema/Downloads/gcc-arm-none-eabi-4_9-2015q3/bin/../lib/gcc/arm-none-eabi/4.9.3/../../../../arm-none-eabi/lib/armv7e-m/libm.a(lib_a-w_sqrt.o)
                                          0x5 (size before relaxing)
 .rodata.npio2_hw
                0x0000000008005788       0x80 /Users/jeasinema/Downloads/gcc-arm-none-eabi-4_9-2015q3/bin/../lib/gcc/arm-none-eabi/4.9.3/../../../../arm-none-eabi/lib/armv7e-m/libm.a(lib_a-e_rem_pio2.o)
 .rodata.two_over_pi
                0x0000000008005808      0x108 /Users/jeasinema/Downloads/gcc-arm-none-eabi-4_9-2015q3/bin/../lib/gcc/arm-none-eabi/4.9.3/../../../../arm-none-eabi/lib/armv7e-m/libm.a(lib_a-e_rem_pio2.o)
 .rodata.init_jk
                0x0000000008005910       0x10 /Users/jeasinema/Downloads/gcc-arm-none-eabi-4_9-2015q3/bin/../lib/gcc/arm-none-eabi/4.9.3/../../../../arm-none-eabi/lib/armv7e-m/libm.a(lib_a-k_rem_pio2.o)
 .rodata.PIo2   0x0000000008005920       0x40 /Users/jeasinema/Downloads/gcc-arm-none-eabi-4_9-2015q3/bin/../lib/gcc/arm-none-eabi/4.9.3/../../../../arm-none-eabi/lib/armv7e-m/libm.a(lib_a-k_rem_pio2.o)
 .rodata.str1.1
                0x0000000008005960        0x2 /Users/jeasinema/Downloads/gcc-arm-none-eabi-4_9-2015q3/bin/../lib/gcc/arm-none-eabi/4.9.3/../../../../arm-none-eabi/lib/armv7e-m/libg_nano.a(lib_a-impure.o)
                0x0000000008005964                . = ALIGN (0x4)
 *fill*         0x0000000008005962        0x2 

.rel.dyn        0x0000000008005964        0x0
 .rel.iplt      0x0000000000000000        0x0 /Users/jeasinema/Downloads/gcc-arm-none-eabi-4_9-2015q3/bin/../lib/gcc/arm-none-eabi/4.9.3/armv7e-m/crtbegin.o

.ARM.extab
 *(.ARM.extab* .gnu.linkonce.armextab.*)

.ARM            0x0000000008005964        0x0
                0x0000000008005964                __exidx_start = .
 *(.ARM.exidx*)
                0x0000000008005964                __exidx_end = .

.preinit_array  0x0000000008005964        0x0
                0x0000000008005964                PROVIDE (__preinit_array_start, .)
 *(.preinit_array*)
                0x0000000008005964                PROVIDE (__preinit_array_end, .)

.init_array     0x0000000008005964        0x4
                0x0000000008005964                PROVIDE (__init_array_start, .)
 *(SORT(.init_array.*))
 *(.init_array*)
 .init_array    0x0000000008005964        0x4 /Users/jeasinema/Downloads/gcc-arm-none-eabi-4_9-2015q3/bin/../lib/gcc/arm-none-eabi/4.9.3/armv7e-m/crtbegin.o
                0x0000000008005968                PROVIDE (__init_array_end, .)

.fini_array     0x0000000008005968        0x4
                0x0000000008005968                PROVIDE (__fini_array_start, .)
 *(SORT(.fini_array.*))
 *(.fini_array*)
 .fini_array    0x0000000008005968        0x4 /Users/jeasinema/Downloads/gcc-arm-none-eabi-4_9-2015q3/bin/../lib/gcc/arm-none-eabi/4.9.3/armv7e-m/crtbegin.o
                0x000000000800596c                PROVIDE (__fini_array_end, .)
                0x000000000800596c                _sidata = LOADADDR (.data)

.data           0x0000000020000000       0x7c load address 0x000000000800596c
                0x0000000020000000                . = ALIGN (0x4)
                0x0000000020000000                _sdata = .
 *(.data)
 *(.data*)
 .data.drillPosition
                0x0000000020000000        0x1 ..//src/cutterMove.o
 *fill*         0x0000000020000001        0x3 
 .data.APBAHBPrescTable
                0x0000000020000004       0x10 ../../Libraries/STM32F4xx_StdPeriph_Driver/src/stm32f4xx_rcc.o
 .data.__fdlib_version
                0x0000000020000014        0x1 /Users/jeasinema/Downloads/gcc-arm-none-eabi-4_9-2015q3/bin/../lib/gcc/arm-none-eabi/4.9.3/../../../../arm-none-eabi/lib/armv7e-m/libm.a(lib_a-s_lib_ver.o)
                0x0000000020000014                __fdlib_version
 *fill*         0x0000000020000015        0x3 
 .data.impure_data
                0x0000000020000018       0x60 /Users/jeasinema/Downloads/gcc-arm-none-eabi-4_9-2015q3/bin/../lib/gcc/arm-none-eabi/4.9.3/../../../../arm-none-eabi/lib/armv7e-m/libg_nano.a(lib_a-impure.o)
 .data._impure_ptr
                0x0000000020000078        0x4 /Users/jeasinema/Downloads/gcc-arm-none-eabi-4_9-2015q3/bin/../lib/gcc/arm-none-eabi/4.9.3/../../../../arm-none-eabi/lib/armv7e-m/libg_nano.a(lib_a-impure.o)
                0x0000000020000078                _impure_ptr
                0x000000002000007c                . = ALIGN (0x4)
                0x000000002000007c                _edata = .
                0x00000000080059e8                _siccmram = LOADADDR (.ccmram)

.jcr            0x000000002000007c        0x0 load address 0x00000000080059e8
 .jcr           0x000000002000007c        0x0 /Users/jeasinema/Downloads/gcc-arm-none-eabi-4_9-2015q3/bin/../lib/gcc/arm-none-eabi/4.9.3/armv7e-m/crtbegin.o

.igot.plt       0x000000002000007c        0x0 load address 0x00000000080059e8
 .igot.plt      0x0000000000000000        0x0 /Users/jeasinema/Downloads/gcc-arm-none-eabi-4_9-2015q3/bin/../lib/gcc/arm-none-eabi/4.9.3/armv7e-m/crtbegin.o

.ccmram         0x0000000010000000        0x0 load address 0x00000000080059e8
                0x0000000010000000                . = ALIGN (0x4)
                0x0000000010000000                _sccmram = .
 *(.ccmram)
 *(.ccmram*)
                0x0000000010000000                . = ALIGN (0x4)
                0x0000000010000000                _eccmram = .
                0x0000000010000000                . = ALIGN (0x4)

.bss            0x000000002000007c      0x16c
                0x000000002000007c                _sbss = .
                0x000000002000007c                __bss_start__ = _sbss
 *(.bss)
 .bss           0x000000002000007c       0x1c /Users/jeasinema/Downloads/gcc-arm-none-eabi-4_9-2015q3/bin/../lib/gcc/arm-none-eabi/4.9.3/armv7e-m/crtbegin.o
 *(.bss*)
 .bss.Cutter_Init_Flag
                0x0000000020000098        0x1 ..//src/main.o
                0x0000000020000098                Cutter_Init_Flag
 .bss.Cutter_Control_Flag
                0x0000000020000099        0x1 ..//src/main.o
                0x0000000020000099                Cutter_Control_Flag
 *fill*         0x000000002000009a        0x2 
 .bss.__malloc_sbrk_start
                0x000000002000009c        0x4 /Users/jeasinema/Downloads/gcc-arm-none-eabi-4_9-2015q3/bin/../lib/gcc/arm-none-eabi/4.9.3/../../../../arm-none-eabi/lib/armv7e-m/libg_nano.a(lib_a-nano-mallocr.o)
                0x000000002000009c                __malloc_sbrk_start
 .bss.__malloc_free_list
                0x00000000200000a0        0x4 /Users/jeasinema/Downloads/gcc-arm-none-eabi-4_9-2015q3/bin/../lib/gcc/arm-none-eabi/4.9.3/../../../../arm-none-eabi/lib/armv7e-m/libg_nano.a(lib_a-nano-mallocr.o)
                0x00000000200000a0                __malloc_free_list
 .bss.heap_end.4079
                0x00000000200000a4        0x4 /Users/jeasinema/Downloads/gcc-arm-none-eabi-4_9-2015q3/bin/../lib/gcc/arm-none-eabi/4.9.3/../../../../arm-none-eabi/lib/armv7e-m/libnosys.a(sbrk.o)
 *(COMMON)
 COMMON         0x00000000200000a8      0x116 ..//src/button_rocker.o
                0x00000000200000a8                ADC_value
                0x00000000200001a8                filter_Flag
                0x00000000200001ac                ADC_value_filter
                0x00000000200001bc                ADC_middle
 *fill*         0x00000000200001be        0x2 
 COMMON         0x00000000200001c0        0x5 ..//src/delay.o
                0x00000000200001c0                fac_ms
                0x00000000200001c4                fac_us
 *fill*         0x00000000200001c5        0x3 
 COMMON         0x00000000200001c8       0x1c ..//src/main.o
                0x00000000200001c8                tmp
                0x00000000200001cc                pllv0
                0x00000000200001d0                pllp
                0x00000000200001d4                size
                0x00000000200001d8                route
                0x00000000200001dc                selflocation
                0x00000000200001e0                cmd
 COMMON         0x00000000200001e4        0x4 /Users/jeasinema/Downloads/gcc-arm-none-eabi-4_9-2015q3/bin/../lib/gcc/arm-none-eabi/4.9.3/../../../../arm-none-eabi/lib/armv7e-m/libg_nano.a(lib_a-reent.o)
                0x00000000200001e4                errno
                0x00000000200001e8                . = ALIGN (0x4)
                0x00000000200001e8                _ebss = .
                0x00000000200001e8                __bss_end__ = _ebss

._user_heap_stack
                0x00000000200001e8     0x1000
                0x00000000200001e8                . = ALIGN (0x4)
                0x00000000200001e8                PROVIDE (end, .)
                0x00000000200001e8                PROVIDE (_end, .)
                0x00000000200001e8                . = (. + _Min_Heap_Size)
                0x00000000200011e8                . = (. + _Min_Stack_Size)
 *fill*         0x00000000200001e8     0x1000 
                0x00000000200011e8                . = ALIGN (0x4)

.memory_b1_text
 *(.mb1text)
 *(.mb1text*)
 *(.mb1rodata)
 *(.mb1rodata*)

/DISCARD/
 libc.a(*)
 libm.a(*)
 libgcc.a(*)

.ARM.attributes
                0x0000000000000000       0x2a
 *(.ARM.attributes)
 .ARM.attributes
                0x0000000000000000       0x1e /Users/jeasinema/Downloads/gcc-arm-none-eabi-4_9-2015q3/bin/../lib/gcc/arm-none-eabi/4.9.3/armv7e-m/crti.o
 .ARM.attributes
                0x000000000000001e       0x2e /Users/jeasinema/Downloads/gcc-arm-none-eabi-4_9-2015q3/bin/../lib/gcc/arm-none-eabi/4.9.3/armv7e-m/crtbegin.o
 .ARM.attributes
                0x000000000000004c       0x21 startup_stm32f40xx.o
 .ARM.attributes
                0x000000000000006d       0x33 ..//src/button_rocker.o
 .ARM.attributes
                0x00000000000000a0       0x33 ..//src/cutterMove.o
 .ARM.attributes
                0x00000000000000d3       0x33 ..//src/delay.o
 .ARM.attributes
                0x0000000000000106       0x33 ..//src/main.o
 .ARM.attributes
                0x0000000000000139       0x33 ..//src/motor.o
 .ARM.attributes
                0x000000000000016c       0x33 ..//src/sizeInput.o
 .ARM.attributes
                0x000000000000019f       0x33 ..//src/stm32f4xx_it.o
 .ARM.attributes
                0x00000000000001d2       0x33 ..//src/system_stm32f4xx.o
 .ARM.attributes
                0x0000000000000205       0x33 ..//src/usart1.o
 .ARM.attributes
                0x0000000000000238       0x33 ../../Libraries/STM32F4xx_StdPeriph_Driver/src/misc.o
 .ARM.attributes
                0x000000000000026b       0x33 ../../Libraries/STM32F4xx_StdPeriph_Driver/src/stm32f4xx_adc.o
 .ARM.attributes
                0x000000000000029e       0x33 ../../Libraries/STM32F4xx_StdPeriph_Driver/src/stm32f4xx_dma.o
 .ARM.attributes
                0x00000000000002d1       0x33 ../../Libraries/STM32F4xx_StdPeriph_Driver/src/stm32f4xx_exti.o
 .ARM.attributes
                0x0000000000000304       0x33 ../../Libraries/STM32F4xx_StdPeriph_Driver/src/stm32f4xx_gpio.o
 .ARM.attributes
                0x0000000000000337       0x33 ../../Libraries/STM32F4xx_StdPeriph_Driver/src/stm32f4xx_rcc.o
 .ARM.attributes
                0x000000000000036a       0x33 ../../Libraries/STM32F4xx_StdPeriph_Driver/src/stm32f4xx_syscfg.o
 .ARM.attributes
                0x000000000000039d       0x33 ../../Libraries/STM32F4xx_StdPeriph_Driver/src/stm32f4xx_tim.o
 .ARM.attributes
                0x00000000000003d0       0x33 ../../Libraries/STM32F4xx_StdPeriph_Driver/src/stm32f4xx_usart.o
 .ARM.attributes
                0x0000000000000403       0x2e /Users/jeasinema/Downloads/gcc-arm-none-eabi-4_9-2015q3/bin/../lib/gcc/arm-none-eabi/4.9.3/../../../../arm-none-eabi/lib/armv7e-m/libm.a(lib_a-s_atan.o)
 .ARM.attributes
                0x0000000000000431       0x2e /Users/jeasinema/Downloads/gcc-arm-none-eabi-4_9-2015q3/bin/../lib/gcc/arm-none-eabi/4.9.3/../../../../arm-none-eabi/lib/armv7e-m/libm.a(lib_a-s_cos.o)
 .ARM.attributes
                0x000000000000045f       0x2e /Users/jeasinema/Downloads/gcc-arm-none-eabi-4_9-2015q3/bin/../lib/gcc/arm-none-eabi/4.9.3/../../../../arm-none-eabi/lib/armv7e-m/libm.a(lib_a-s_fabs.o)
 .ARM.attributes
                0x000000000000048d       0x2e /Users/jeasinema/Downloads/gcc-arm-none-eabi-4_9-2015q3/bin/../lib/gcc/arm-none-eabi/4.9.3/../../../../arm-none-eabi/lib/armv7e-m/libm.a(lib_a-s_sin.o)
 .ARM.attributes
                0x00000000000004bb       0x2e /Users/jeasinema/Downloads/gcc-arm-none-eabi-4_9-2015q3/bin/../lib/gcc/arm-none-eabi/4.9.3/../../../../arm-none-eabi/lib/armv7e-m/libm.a(lib_a-w_sqrt.o)
 .ARM.attributes
                0x00000000000004e9       0x2e /Users/jeasinema/Downloads/gcc-arm-none-eabi-4_9-2015q3/bin/../lib/gcc/arm-none-eabi/4.9.3/../../../../arm-none-eabi/lib/armv7e-m/libm.a(lib_a-e_rem_pio2.o)
 .ARM.attributes
                0x0000000000000517       0x2e /Users/jeasinema/Downloads/gcc-arm-none-eabi-4_9-2015q3/bin/../lib/gcc/arm-none-eabi/4.9.3/../../../../arm-none-eabi/lib/armv7e-m/libm.a(lib_a-e_sqrt.o)
 .ARM.attributes
                0x0000000000000545       0x2e /Users/jeasinema/Downloads/gcc-arm-none-eabi-4_9-2015q3/bin/../lib/gcc/arm-none-eabi/4.9.3/../../../../arm-none-eabi/lib/armv7e-m/libm.a(lib_a-k_cos.o)
 .ARM.attributes
                0x0000000000000573       0x2e /Users/jeasinema/Downloads/gcc-arm-none-eabi-4_9-2015q3/bin/../lib/gcc/arm-none-eabi/4.9.3/../../../../arm-none-eabi/lib/armv7e-m/libm.a(lib_a-k_rem_pio2.o)
 .ARM.attributes
                0x00000000000005a1       0x2e /Users/jeasinema/Downloads/gcc-arm-none-eabi-4_9-2015q3/bin/../lib/gcc/arm-none-eabi/4.9.3/../../../../arm-none-eabi/lib/armv7e-m/libm.a(lib_a-k_sin.o)
 .ARM.attributes
                0x00000000000005cf       0x2e /Users/jeasinema/Downloads/gcc-arm-none-eabi-4_9-2015q3/bin/../lib/gcc/arm-none-eabi/4.9.3/../../../../arm-none-eabi/lib/armv7e-m/libm.a(lib_a-s_floor.o)
 .ARM.attributes
                0x00000000000005fd       0x2e /Users/jeasinema/Downloads/gcc-arm-none-eabi-4_9-2015q3/bin/../lib/gcc/arm-none-eabi/4.9.3/../../../../arm-none-eabi/lib/armv7e-m/libm.a(lib_a-s_fpclassify.o)
 .ARM.attributes
                0x000000000000062b       0x2e /Users/jeasinema/Downloads/gcc-arm-none-eabi-4_9-2015q3/bin/../lib/gcc/arm-none-eabi/4.9.3/../../../../arm-none-eabi/lib/armv7e-m/libm.a(lib_a-s_lib_ver.o)
 .ARM.attributes
                0x0000000000000659       0x2e /Users/jeasinema/Downloads/gcc-arm-none-eabi-4_9-2015q3/bin/../lib/gcc/arm-none-eabi/4.9.3/../../../../arm-none-eabi/lib/armv7e-m/libm.a(lib_a-s_matherr.o)
 .ARM.attributes
                0x0000000000000687       0x2e /Users/jeasinema/Downloads/gcc-arm-none-eabi-4_9-2015q3/bin/../lib/gcc/arm-none-eabi/4.9.3/../../../../arm-none-eabi/lib/armv7e-m/libm.a(lib_a-s_scalbn.o)
 .ARM.attributes
                0x00000000000006b5       0x2e /Users/jeasinema/Downloads/gcc-arm-none-eabi-4_9-2015q3/bin/../lib/gcc/arm-none-eabi/4.9.3/../../../../arm-none-eabi/lib/armv7e-m/libm.a(lib_a-s_copysign.o)
 .ARM.attributes
                0x00000000000006e3       0x1e /Users/jeasinema/Downloads/gcc-arm-none-eabi-4_9-2015q3/bin/../lib/gcc/arm-none-eabi/4.9.3/armv7e-m/libgcc.a(_arm_addsubdf3.o)
 .ARM.attributes
                0x0000000000000701       0x1e /Users/jeasinema/Downloads/gcc-arm-none-eabi-4_9-2015q3/bin/../lib/gcc/arm-none-eabi/4.9.3/armv7e-m/libgcc.a(_arm_muldivdf3.o)
 .ARM.attributes
                0x000000000000071f       0x1e /Users/jeasinema/Downloads/gcc-arm-none-eabi-4_9-2015q3/bin/../lib/gcc/arm-none-eabi/4.9.3/armv7e-m/libgcc.a(_arm_cmpdf2.o)
 .ARM.attributes
                0x000000000000073d       0x1e /Users/jeasinema/Downloads/gcc-arm-none-eabi-4_9-2015q3/bin/../lib/gcc/arm-none-eabi/4.9.3/armv7e-m/libgcc.a(_arm_fixdfsi.o)
 .ARM.attributes
                0x000000000000075b       0x1e /Users/jeasinema/Downloads/gcc-arm-none-eabi-4_9-2015q3/bin/../lib/gcc/arm-none-eabi/4.9.3/armv7e-m/libgcc.a(_arm_truncdfsf2.o)
 .ARM.attributes
                0x0000000000000779       0x1e /Users/jeasinema/Downloads/gcc-arm-none-eabi-4_9-2015q3/bin/../lib/gcc/arm-none-eabi/4.9.3/armv7e-m/libgcc.a(_arm_addsubsf3.o)
 .ARM.attributes
                0x0000000000000797       0x1e /Users/jeasinema/Downloads/gcc-arm-none-eabi-4_9-2015q3/bin/../lib/gcc/arm-none-eabi/4.9.3/armv7e-m/libgcc.a(_arm_muldivsf3.o)
 .ARM.attributes
                0x00000000000007b5       0x1e /Users/jeasinema/Downloads/gcc-arm-none-eabi-4_9-2015q3/bin/../lib/gcc/arm-none-eabi/4.9.3/armv7e-m/libgcc.a(_arm_cmpsf2.o)
 .ARM.attributes
                0x00000000000007d3       0x1e /Users/jeasinema/Downloads/gcc-arm-none-eabi-4_9-2015q3/bin/../lib/gcc/arm-none-eabi/4.9.3/armv7e-m/libgcc.a(_arm_fixunssfsi.o)
 .ARM.attributes
                0x00000000000007f1       0x2e /Users/jeasinema/Downloads/gcc-arm-none-eabi-4_9-2015q3/bin/../lib/gcc/arm-none-eabi/4.9.3/../../../../arm-none-eabi/lib/armv7e-m/libg_nano.a(lib_a-errno.o)
 .ARM.attributes
                0x000000000000081f       0x2e /Users/jeasinema/Downloads/gcc-arm-none-eabi-4_9-2015q3/bin/../lib/gcc/arm-none-eabi/4.9.3/../../../../arm-none-eabi/lib/armv7e-m/libg_nano.a(lib_a-impure.o)
 .ARM.attributes
                0x000000000000084d       0x2e /Users/jeasinema/Downloads/gcc-arm-none-eabi-4_9-2015q3/bin/../lib/gcc/arm-none-eabi/4.9.3/../../../../arm-none-eabi/lib/armv7e-m/libg_nano.a(lib_a-init.o)
 .ARM.attributes
                0x000000000000087b       0x2e /Users/jeasinema/Downloads/gcc-arm-none-eabi-4_9-2015q3/bin/../lib/gcc/arm-none-eabi/4.9.3/../../../../arm-none-eabi/lib/armv7e-m/libg_nano.a(lib_a-malloc.o)
 .ARM.attributes
                0x00000000000008a9       0x2e /Users/jeasinema/Downloads/gcc-arm-none-eabi-4_9-2015q3/bin/../lib/gcc/arm-none-eabi/4.9.3/../../../../arm-none-eabi/lib/armv7e-m/libg_nano.a(lib_a-nano-mallocr.o)
 .ARM.attributes
                0x00000000000008d7       0x2e /Users/jeasinema/Downloads/gcc-arm-none-eabi-4_9-2015q3/bin/../lib/gcc/arm-none-eabi/4.9.3/../../../../arm-none-eabi/lib/armv7e-m/libg_nano.a(lib_a-sbrkr.o)
 .ARM.attributes
                0x0000000000000905       0x2e /Users/jeasinema/Downloads/gcc-arm-none-eabi-4_9-2015q3/bin/../lib/gcc/arm-none-eabi/4.9.3/../../../../arm-none-eabi/lib/armv7e-m/libg_nano.a(lib_a-reent.o)
 .ARM.attributes
                0x0000000000000933       0x2e /Users/jeasinema/Downloads/gcc-arm-none-eabi-4_9-2015q3/bin/../lib/gcc/arm-none-eabi/4.9.3/../../../../arm-none-eabi/lib/armv7e-m/libnosys.a(sbrk.o)
 .ARM.attributes
                0x0000000000000961       0x1e /Users/jeasinema/Downloads/gcc-arm-none-eabi-4_9-2015q3/bin/../lib/gcc/arm-none-eabi/4.9.3/armv7e-m/crtn.o
OUTPUT(main.elf elf32-littlearm)

.debug_line     0x0000000000000000     0x3dc3
 .debug_line    0x0000000000000000       0x71 startup_stm32f40xx.o
 .debug_line    0x0000000000000071      0x305 ..//src/button_rocker.o
 .debug_line    0x0000000000000376      0x293 ..//src/cutterMove.o
 .debug_line    0x0000000000000609      0x1b3 ..//src/delay.o
 .debug_line    0x00000000000007bc      0x1d0 ..//src/main.o
 .debug_line    0x000000000000098c      0x306 ..//src/motor.o
 .debug_line    0x0000000000000c92      0x20a ..//src/sizeInput.o
 .debug_line    0x0000000000000e9c      0x21c ..//src/stm32f4xx_it.o
 .debug_line    0x00000000000010b8      0x1f9 ..//src/system_stm32f4xx.o
 .debug_line    0x00000000000012b1      0x383 ..//src/usart1.o
 .debug_line    0x0000000000001634      0x231 ../../Libraries/STM32F4xx_StdPeriph_Driver/src/misc.o
 .debug_line    0x0000000000001865      0x53e ../../Libraries/STM32F4xx_StdPeriph_Driver/src/stm32f4xx_adc.o
 .debug_line    0x0000000000001da3      0x3c8 ../../Libraries/STM32F4xx_StdPeriph_Driver/src/stm32f4xx_dma.o
 .debug_line    0x000000000000216b      0x291 ../../Libraries/STM32F4xx_StdPeriph_Driver/src/stm32f4xx_exti.o
 .debug_line    0x00000000000023fc      0x32f ../../Libraries/STM32F4xx_StdPeriph_Driver/src/stm32f4xx_gpio.o
 .debug_line    0x000000000000272b      0x5a0 ../../Libraries/STM32F4xx_StdPeriph_Driver/src/stm32f4xx_rcc.o
 .debug_line    0x0000000000002ccb      0x20e ../../Libraries/STM32F4xx_StdPeriph_Driver/src/stm32f4xx_syscfg.o
 .debug_line    0x0000000000002ed9      0xa56 ../../Libraries/STM32F4xx_StdPeriph_Driver/src/stm32f4xx_tim.o
 .debug_line    0x000000000000392f      0x494 ../../Libraries/STM32F4xx_StdPeriph_Driver/src/stm32f4xx_usart.o

.debug_info     0x0000000000000000     0x9fa6
 .debug_info    0x0000000000000000       0xb8 startup_stm32f40xx.o
 .debug_info    0x00000000000000b8      0xbb1 ..//src/button_rocker.o
 .debug_info    0x0000000000000c69      0x460 ..//src/cutterMove.o
 .debug_info    0x00000000000010c9      0x1e9 ..//src/delay.o
 .debug_info    0x00000000000012b2      0x471 ..//src/main.o
 .debug_info    0x0000000000001723      0xa6c ..//src/motor.o
 .debug_info    0x000000000000218f      0x43e ..//src/sizeInput.o
 .debug_info    0x00000000000025cd      0x38b ..//src/stm32f4xx_it.o
 .debug_info    0x0000000000002958      0x685 ..//src/system_stm32f4xx.o
 .debug_info    0x0000000000002fdd     0x1176 ..//src/usart1.o
 .debug_info    0x0000000000004153      0x5b7 ../../Libraries/STM32F4xx_StdPeriph_Driver/src/misc.o
 .debug_info    0x000000000000470a      0xd44 ../../Libraries/STM32F4xx_StdPeriph_Driver/src/stm32f4xx_adc.o
 .debug_info    0x000000000000544e      0x7d4 ../../Libraries/STM32F4xx_StdPeriph_Driver/src/stm32f4xx_dma.o
 .debug_info    0x0000000000005c22      0x38d ../../Libraries/STM32F4xx_StdPeriph_Driver/src/stm32f4xx_exti.o
 .debug_info    0x0000000000005faf      0x673 ../../Libraries/STM32F4xx_StdPeriph_Driver/src/stm32f4xx_gpio.o
 .debug_info    0x0000000000006622      0xda4 ../../Libraries/STM32F4xx_StdPeriph_Driver/src/stm32f4xx_rcc.o
 .debug_info    0x00000000000073c6      0x29e ../../Libraries/STM32F4xx_StdPeriph_Driver/src/stm32f4xx_syscfg.o
 .debug_info    0x0000000000007664     0x1ead ../../Libraries/STM32F4xx_StdPeriph_Driver/src/stm32f4xx_tim.o
 .debug_info    0x0000000000009511      0xa95 ../../Libraries/STM32F4xx_StdPeriph_Driver/src/stm32f4xx_usart.o

.debug_abbrev   0x0000000000000000     0x1aee
 .debug_abbrev  0x0000000000000000       0x12 startup_stm32f40xx.o
 .debug_abbrev  0x0000000000000012      0x1b5 ..//src/button_rocker.o
 .debug_abbrev  0x00000000000001c7      0x176 ..//src/cutterMove.o
 .debug_abbrev  0x000000000000033d       0xe6 ..//src/delay.o
 .debug_abbrev  0x0000000000000423      0x15b ..//src/main.o
 .debug_abbrev  0x000000000000057e      0x171 ..//src/motor.o
 .debug_abbrev  0x00000000000006ef      0x1ad ..//src/sizeInput.o
 .debug_abbrev  0x000000000000089c      0x139 ..//src/stm32f4xx_it.o
 .debug_abbrev  0x00000000000009d5      0x13a ..//src/system_stm32f4xx.o
 .debug_abbrev  0x0000000000000b0f      0x271 ..//src/usart1.o
 .debug_abbrev  0x0000000000000d80      0x12b ../../Libraries/STM32F4xx_StdPeriph_Driver/src/misc.o
 .debug_abbrev  0x0000000000000eab      0x19a ../../Libraries/STM32F4xx_StdPeriph_Driver/src/stm32f4xx_adc.o
 .debug_abbrev  0x0000000000001045      0x159 ../../Libraries/STM32F4xx_StdPeriph_Driver/src/stm32f4xx_dma.o
 .debug_abbrev  0x000000000000119e      0x1a9 ../../Libraries/STM32F4xx_StdPeriph_Driver/src/stm32f4xx_exti.o
 .debug_abbrev  0x0000000000001347      0x1a7 ../../Libraries/STM32F4xx_StdPeriph_Driver/src/stm32f4xx_gpio.o
 .debug_abbrev  0x00000000000014ee      0x1e7 ../../Libraries/STM32F4xx_StdPeriph_Driver/src/stm32f4xx_rcc.o
 .debug_abbrev  0x00000000000016d5      0x135 ../../Libraries/STM32F4xx_StdPeriph_Driver/src/stm32f4xx_syscfg.o
 .debug_abbrev  0x000000000000180a      0x18b ../../Libraries/STM32F4xx_StdPeriph_Driver/src/stm32f4xx_tim.o
 .debug_abbrev  0x0000000000001995      0x159 ../../Libraries/STM32F4xx_StdPeriph_Driver/src/stm32f4xx_usart.o

.debug_aranges  0x0000000000000000      0xb50
 .debug_aranges
                0x0000000000000000       0x28 startup_stm32f40xx.o
 .debug_aranges
                0x0000000000000028       0x40 ..//src/button_rocker.o
 .debug_aranges
                0x0000000000000068       0x70 ..//src/cutterMove.o
 .debug_aranges
                0x00000000000000d8       0x30 ..//src/delay.o
 .debug_aranges
                0x0000000000000108       0x20 ..//src/main.o
 .debug_aranges
                0x0000000000000128       0x38 ..//src/motor.o
 .debug_aranges
                0x0000000000000160       0x40 ..//src/sizeInput.o
 .debug_aranges
                0x00000000000001a0       0x58 ..//src/stm32f4xx_it.o
 .debug_aranges
                0x00000000000001f8       0x30 ..//src/system_stm32f4xx.o
 .debug_aranges
                0x0000000000000228       0x50 ..//src/usart1.o
 .debug_aranges
                0x0000000000000278       0x40 ../../Libraries/STM32F4xx_StdPeriph_Driver/src/misc.o
 .debug_aranges
                0x00000000000002b8      0x148 ../../Libraries/STM32F4xx_StdPeriph_Driver/src/stm32f4xx_adc.o
 .debug_aranges
                0x0000000000000400       0xb0 ../../Libraries/STM32F4xx_StdPeriph_Driver/src/stm32f4xx_dma.o
 .debug_aranges
                0x00000000000004b0       0x58 ../../Libraries/STM32F4xx_StdPeriph_Driver/src/stm32f4xx_exti.o
 .debug_aranges
                0x0000000000000508       0x88 ../../Libraries/STM32F4xx_StdPeriph_Driver/src/stm32f4xx_gpio.o
 .debug_aranges
                0x0000000000000590      0x180 ../../Libraries/STM32F4xx_StdPeriph_Driver/src/stm32f4xx_rcc.o
 .debug_aranges
                0x0000000000000710       0x48 ../../Libraries/STM32F4xx_StdPeriph_Driver/src/stm32f4xx_syscfg.o
 .debug_aranges
                0x0000000000000758      0x2f8 ../../Libraries/STM32F4xx_StdPeriph_Driver/src/stm32f4xx_tim.o
 .debug_aranges
                0x0000000000000a50      0x100 ../../Libraries/STM32F4xx_StdPeriph_Driver/src/stm32f4xx_usart.o

.debug_ranges   0x0000000000000000      0xa28
 .debug_ranges  0x0000000000000000       0x20 startup_stm32f40xx.o
 .debug_ranges  0x0000000000000020       0x30 ..//src/button_rocker.o
 .debug_ranges  0x0000000000000050       0x60 ..//src/cutterMove.o
 .debug_ranges  0x00000000000000b0       0x20 ..//src/delay.o
 .debug_ranges  0x00000000000000d0       0x10 ..//src/main.o
 .debug_ranges  0x00000000000000e0       0x28 ..//src/motor.o
 .debug_ranges  0x0000000000000108       0x30 ..//src/sizeInput.o
 .debug_ranges  0x0000000000000138       0x48 ..//src/stm32f4xx_it.o
 .debug_ranges  0x0000000000000180       0x20 ..//src/system_stm32f4xx.o
 .debug_ranges  0x00000000000001a0       0x40 ..//src/usart1.o
 .debug_ranges  0x00000000000001e0       0x30 ../../Libraries/STM32F4xx_StdPeriph_Driver/src/misc.o
 .debug_ranges  0x0000000000000210      0x138 ../../Libraries/STM32F4xx_StdPeriph_Driver/src/stm32f4xx_adc.o
 .debug_ranges  0x0000000000000348       0xa0 ../../Libraries/STM32F4xx_StdPeriph_Driver/src/stm32f4xx_dma.o
 .debug_ranges  0x00000000000003e8       0x48 ../../Libraries/STM32F4xx_StdPeriph_Driver/src/stm32f4xx_exti.o
 .debug_ranges  0x0000000000000430       0x78 ../../Libraries/STM32F4xx_StdPeriph_Driver/src/stm32f4xx_gpio.o
 .debug_ranges  0x00000000000004a8      0x170 ../../Libraries/STM32F4xx_StdPeriph_Driver/src/stm32f4xx_rcc.o
 .debug_ranges  0x0000000000000618       0x38 ../../Libraries/STM32F4xx_StdPeriph_Driver/src/stm32f4xx_syscfg.o
 .debug_ranges  0x0000000000000650      0x2e8 ../../Libraries/STM32F4xx_StdPeriph_Driver/src/stm32f4xx_tim.o
 .debug_ranges  0x0000000000000938       0xf0 ../../Libraries/STM32F4xx_StdPeriph_Driver/src/stm32f4xx_usart.o

.debug_loc      0x0000000000000000     0x679e
 .debug_loc     0x0000000000000000      0x19e ..//src/button_rocker.o
 .debug_loc     0x000000000000019e      0x28c ..//src/cutterMove.o
 .debug_loc     0x000000000000042a      0x114 ..//src/delay.o
 .debug_loc     0x000000000000053e       0x2c ..//src/main.o
 .debug_loc     0x000000000000056a      0x14e ..//src/motor.o
 .debug_loc     0x00000000000006b8      0x16e ..//src/sizeInput.o
 .debug_loc     0x0000000000000826      0x1a8 ..//src/stm32f4xx_it.o
 .debug_loc     0x00000000000009ce       0xe4 ..//src/system_stm32f4xx.o
 .debug_loc     0x0000000000000ab2      0x248 ..//src/usart1.o
 .debug_loc     0x0000000000000cfa      0x1cc ../../Libraries/STM32F4xx_StdPeriph_Driver/src/misc.o
 .debug_loc     0x0000000000000ec6      0xd60 ../../Libraries/STM32F4xx_StdPeriph_Driver/src/stm32f4xx_adc.o
 .debug_loc     0x0000000000001c26      0x6d4 ../../Libraries/STM32F4xx_StdPeriph_Driver/src/stm32f4xx_dma.o
 .debug_loc     0x00000000000022fa      0x2c8 ../../Libraries/STM32F4xx_StdPeriph_Driver/src/stm32f4xx_exti.o
 .debug_loc     0x00000000000025c2      0x4fc ../../Libraries/STM32F4xx_StdPeriph_Driver/src/stm32f4xx_gpio.o
 .debug_loc     0x0000000000002abe      0xfd8 ../../Libraries/STM32F4xx_StdPeriph_Driver/src/stm32f4xx_rcc.o
 .debug_loc     0x0000000000003a96      0x1f8 ../../Libraries/STM32F4xx_StdPeriph_Driver/src/stm32f4xx_syscfg.o
 .debug_loc     0x0000000000003c8e     0x20bc ../../Libraries/STM32F4xx_StdPeriph_Driver/src/stm32f4xx_tim.o
 .debug_loc     0x0000000000005d4a      0xa54 ../../Libraries/STM32F4xx_StdPeriph_Driver/src/stm32f4xx_usart.o

.debug_str      0x0000000000000000     0x393a
 .debug_str     0x0000000000000000      0xcc9 ..//src/button_rocker.o
                                        0xd3c (size before relaxing)
 .debug_str     0x0000000000000cc9      0x124 ..//src/cutterMove.o
                                        0x443 (size before relaxing)
 .debug_str     0x0000000000000ded       0x58 ..//src/delay.o
                                        0x281 (size before relaxing)
 .debug_str     0x0000000000000e45       0x5c ..//src/main.o
                                        0x381 (size before relaxing)
 .debug_str     0x0000000000000ea1      0x3b0 ..//src/motor.o
                                        0xd3b (size before relaxing)
 .debug_str     0x0000000000001251       0x60 ..//src/sizeInput.o
                                        0x34b (size before relaxing)
 .debug_str     0x00000000000012b1       0xa1 ..//src/stm32f4xx_it.o
                                        0x370 (size before relaxing)
 .debug_str     0x0000000000001352      0x1df ..//src/system_stm32f4xx.o
                                        0x46a (size before relaxing)
 .debug_str     0x0000000000001531      0x481 ..//src/usart1.o
                                        0xe53 (size before relaxing)
 .debug_str     0x00000000000019b2      0x13c ../../Libraries/STM32F4xx_StdPeriph_Driver/src/misc.o
                                        0x484 (size before relaxing)
 .debug_str     0x0000000000001aee      0x505 ../../Libraries/STM32F4xx_StdPeriph_Driver/src/stm32f4xx_adc.o
                                        0x8ba (size before relaxing)
 .debug_str     0x0000000000001ff3      0x257 ../../Libraries/STM32F4xx_StdPeriph_Driver/src/stm32f4xx_dma.o
                                        0x5f8 (size before relaxing)
 .debug_str     0x000000000000224a       0xf6 ../../Libraries/STM32F4xx_StdPeriph_Driver/src/stm32f4xx_exti.o
                                        0x40f (size before relaxing)
 .debug_str     0x0000000000002340      0x193 ../../Libraries/STM32F4xx_StdPeriph_Driver/src/stm32f4xx_gpio.o
                                        0x559 (size before relaxing)
 .debug_str     0x00000000000024d3      0x57a ../../Libraries/STM32F4xx_StdPeriph_Driver/src/stm32f4xx_rcc.o
                                        0x92f (size before relaxing)
 .debug_str     0x0000000000002a4d      0x159 ../../Libraries/STM32F4xx_StdPeriph_Driver/src/stm32f4xx_syscfg.o
                                        0x3aa (size before relaxing)
 .debug_str     0x0000000000002ba6      0x9f4 ../../Libraries/STM32F4xx_StdPeriph_Driver/src/stm32f4xx_tim.o
                                        0xe86 (size before relaxing)
 .debug_str     0x000000000000359a      0x3a0 ../../Libraries/STM32F4xx_StdPeriph_Driver/src/stm32f4xx_usart.o
                                        0x745 (size before relaxing)

.comment        0x0000000000000000       0x70
 .comment       0x0000000000000000       0x70 ..//src/button_rocker.o
                                         0x71 (size before relaxing)
 .comment       0x0000000000000000       0x71 ..//src/cutterMove.o
 .comment       0x0000000000000000       0x71 ..//src/delay.o
 .comment       0x0000000000000000       0x71 ..//src/main.o
 .comment       0x0000000000000000       0x71 ..//src/motor.o
 .comment       0x0000000000000000       0x71 ..//src/sizeInput.o
 .comment       0x0000000000000000       0x71 ..//src/stm32f4xx_it.o
 .comment       0x0000000000000000       0x71 ..//src/system_stm32f4xx.o
 .comment       0x0000000000000000       0x71 ..//src/usart1.o
 .comment       0x0000000000000000       0x71 ../../Libraries/STM32F4xx_StdPeriph_Driver/src/misc.o
 .comment       0x0000000000000000       0x71 ../../Libraries/STM32F4xx_StdPeriph_Driver/src/stm32f4xx_adc.o
 .comment       0x0000000000000000       0x71 ../../Libraries/STM32F4xx_StdPeriph_Driver/src/stm32f4xx_dma.o
 .comment       0x0000000000000000       0x71 ../../Libraries/STM32F4xx_StdPeriph_Driver/src/stm32f4xx_exti.o
 .comment       0x0000000000000000       0x71 ../../Libraries/STM32F4xx_StdPeriph_Driver/src/stm32f4xx_gpio.o
 .comment       0x0000000000000000       0x71 ../../Libraries/STM32F4xx_StdPeriph_Driver/src/stm32f4xx_rcc.o
 .comment       0x0000000000000000       0x71 ../../Libraries/STM32F4xx_StdPeriph_Driver/src/stm32f4xx_syscfg.o
 .comment       0x0000000000000000       0x71 ../../Libraries/STM32F4xx_StdPeriph_Driver/src/stm32f4xx_tim.o
 .comment       0x0000000000000000       0x71 ../../Libraries/STM32F4xx_StdPeriph_Driver/src/stm32f4xx_usart.o

.debug_frame    0x0000000000000000     0x33a4
 .debug_frame   0x0000000000000000       0xd8 ..//src/button_rocker.o
 .debug_frame   0x00000000000000d8      0x16c ..//src/cutterMove.o
 .debug_frame   0x0000000000000244       0x88 ..//src/delay.o
 .debug_frame   0x00000000000002cc       0x2c ..//src/main.o
 .debug_frame   0x00000000000002f8       0xac ..//src/motor.o
 .debug_frame   0x00000000000003a4       0xc8 ..//src/sizeInput.o
 .debug_frame   0x000000000000046c       0xec ..//src/stm32f4xx_it.o
 .debug_frame   0x0000000000000558       0x7c ..//src/system_stm32f4xx.o
 .debug_frame   0x00000000000005d4      0x114 ..//src/usart1.o
 .debug_frame   0x00000000000006e8       0xd8 ../../Libraries/STM32F4xx_StdPeriph_Driver/src/misc.o
 .debug_frame   0x00000000000007c0      0x5ec ../../Libraries/STM32F4xx_StdPeriph_Driver/src/stm32f4xx_adc.o
 .debug_frame   0x0000000000000dac      0x308 ../../Libraries/STM32F4xx_StdPeriph_Driver/src/stm32f4xx_dma.o
 .debug_frame   0x00000000000010b4      0x148 ../../Libraries/STM32F4xx_StdPeriph_Driver/src/stm32f4xx_exti.o
 .debug_frame   0x00000000000011fc      0x23c ../../Libraries/STM32F4xx_StdPeriph_Driver/src/stm32f4xx_gpio.o
 .debug_frame   0x0000000000001438      0x6fc ../../Libraries/STM32F4xx_StdPeriph_Driver/src/stm32f4xx_rcc.o
 .debug_frame   0x0000000000001b34       0xf4 ../../Libraries/STM32F4xx_StdPeriph_Driver/src/stm32f4xx_syscfg.o
 .debug_frame   0x0000000000001c28      0xe54 ../../Libraries/STM32F4xx_StdPeriph_Driver/src/stm32f4xx_tim.o
 .debug_frame   0x0000000000002a7c      0x490 ../../Libraries/STM32F4xx_StdPeriph_Driver/src/stm32f4xx_usart.o
 .debug_frame   0x0000000000002f0c       0x38 /Users/jeasinema/Downloads/gcc-arm-none-eabi-4_9-2015q3/bin/../lib/gcc/arm-none-eabi/4.9.3/../../../../arm-none-eabi/lib/armv7e-m/libm.a(lib_a-s_atan.o)
 .debug_frame   0x0000000000002f44       0x38 /Users/jeasinema/Downloads/gcc-arm-none-eabi-4_9-2015q3/bin/../lib/gcc/arm-none-eabi/4.9.3/../../../../arm-none-eabi/lib/armv7e-m/libm.a(lib_a-s_cos.o)
 .debug_frame   0x0000000000002f7c       0x20 /Users/jeasinema/Downloads/gcc-arm-none-eabi-4_9-2015q3/bin/../lib/gcc/arm-none-eabi/4.9.3/../../../../arm-none-eabi/lib/armv7e-m/libm.a(lib_a-s_fabs.o)
 .debug_frame   0x0000000000002f9c       0x38 /Users/jeasinema/Downloads/gcc-arm-none-eabi-4_9-2015q3/bin/../lib/gcc/arm-none-eabi/4.9.3/../../../../arm-none-eabi/lib/armv7e-m/libm.a(lib_a-s_sin.o)
 .debug_frame   0x0000000000002fd4       0x44 /Users/jeasinema/Downloads/gcc-arm-none-eabi-4_9-2015q3/bin/../lib/gcc/arm-none-eabi/4.9.3/../../../../arm-none-eabi/lib/armv7e-m/libm.a(lib_a-w_sqrt.o)
 .debug_frame   0x0000000000003018       0x48 /Users/jeasinema/Downloads/gcc-arm-none-eabi-4_9-2015q3/bin/../lib/gcc/arm-none-eabi/4.9.3/../../../../arm-none-eabi/lib/armv7e-m/libm.a(lib_a-e_rem_pio2.o)
 .debug_frame   0x0000000000003060       0x34 /Users/jeasinema/Downloads/gcc-arm-none-eabi-4_9-2015q3/bin/../lib/gcc/arm-none-eabi/4.9.3/../../../../arm-none-eabi/lib/armv7e-m/libm.a(lib_a-e_sqrt.o)
 .debug_frame   0x0000000000003094       0x4c /Users/jeasinema/Downloads/gcc-arm-none-eabi-4_9-2015q3/bin/../lib/gcc/arm-none-eabi/4.9.3/../../../../arm-none-eabi/lib/armv7e-m/libm.a(lib_a-k_cos.o)
 .debug_frame   0x00000000000030e0       0x54 /Users/jeasinema/Downloads/gcc-arm-none-eabi-4_9-2015q3/bin/../lib/gcc/arm-none-eabi/4.9.3/../../../../arm-none-eabi/lib/armv7e-m/libm.a(lib_a-k_rem_pio2.o)
 .debug_frame   0x0000000000003134       0x48 /Users/jeasinema/Downloads/gcc-arm-none-eabi-4_9-2015q3/bin/../lib/gcc/arm-none-eabi/4.9.3/../../../../arm-none-eabi/lib/armv7e-m/libm.a(lib_a-k_sin.o)
 .debug_frame   0x000000000000317c       0x34 /Users/jeasinema/Downloads/gcc-arm-none-eabi-4_9-2015q3/bin/../lib/gcc/arm-none-eabi/4.9.3/../../../../arm-none-eabi/lib/armv7e-m/libm.a(lib_a-s_floor.o)
 .debug_frame   0x00000000000031b0       0x34 /Users/jeasinema/Downloads/gcc-arm-none-eabi-4_9-2015q3/bin/../lib/gcc/arm-none-eabi/4.9.3/../../../../arm-none-eabi/lib/armv7e-m/libm.a(lib_a-s_fpclassify.o)
 .debug_frame   0x00000000000031e4       0x20 /Users/jeasinema/Downloads/gcc-arm-none-eabi-4_9-2015q3/bin/../lib/gcc/arm-none-eabi/4.9.3/../../../../arm-none-eabi/lib/armv7e-m/libm.a(lib_a-s_matherr.o)
 .debug_frame   0x0000000000003204       0x30 /Users/jeasinema/Downloads/gcc-arm-none-eabi-4_9-2015q3/bin/../lib/gcc/arm-none-eabi/4.9.3/../../../../arm-none-eabi/lib/armv7e-m/libm.a(lib_a-s_scalbn.o)
 .debug_frame   0x0000000000003234       0x20 /Users/jeasinema/Downloads/gcc-arm-none-eabi-4_9-2015q3/bin/../lib/gcc/arm-none-eabi/4.9.3/../../../../arm-none-eabi/lib/armv7e-m/libm.a(lib_a-s_copysign.o)
 .debug_frame   0x0000000000003254       0x20 /Users/jeasinema/Downloads/gcc-arm-none-eabi-4_9-2015q3/bin/../lib/gcc/arm-none-eabi/4.9.3/../../../../arm-none-eabi/lib/armv7e-m/libg_nano.a(lib_a-errno.o)
 .debug_frame   0x0000000000003274       0x2c /Users/jeasinema/Downloads/gcc-arm-none-eabi-4_9-2015q3/bin/../lib/gcc/arm-none-eabi/4.9.3/../../../../arm-none-eabi/lib/armv7e-m/libg_nano.a(lib_a-init.o)
 .debug_frame   0x00000000000032a0       0x30 /Users/jeasinema/Downloads/gcc-arm-none-eabi-4_9-2015q3/bin/../lib/gcc/arm-none-eabi/4.9.3/../../../../arm-none-eabi/lib/armv7e-m/libg_nano.a(lib_a-malloc.o)
 .debug_frame   0x00000000000032d0       0x2c /Users/jeasinema/Downloads/gcc-arm-none-eabi-4_9-2015q3/bin/../lib/gcc/arm-none-eabi/4.9.3/../../../../arm-none-eabi/lib/armv7e-m/libg_nano.a(lib_a-nano-mallocr.o)
 .debug_frame   0x00000000000032fc       0x2c /Users/jeasinema/Downloads/gcc-arm-none-eabi-4_9-2015q3/bin/../lib/gcc/arm-none-eabi/4.9.3/../../../../arm-none-eabi/lib/armv7e-m/libg_nano.a(lib_a-sbrkr.o)
 .debug_frame   0x0000000000003328       0x5c /Users/jeasinema/Downloads/gcc-arm-none-eabi-4_9-2015q3/bin/../lib/gcc/arm-none-eabi/4.9.3/../../../../arm-none-eabi/lib/armv7e-m/libg_nano.a(lib_a-reent.o)
 .debug_frame   0x0000000000003384       0x20 /Users/jeasinema/Downloads/gcc-arm-none-eabi-4_9-2015q3/bin/../lib/gcc/arm-none-eabi/4.9.3/../../../../arm-none-eabi/lib/armv7e-m/libnosys.a(sbrk.o)

Cross Reference Table

Symbol                                            File
ABS                                               ..//src/button_rocker.o
ADC_AnalogWatchdogCmd                             ../../Libraries/STM32F4xx_StdPeriph_Driver/src/stm32f4xx_adc.o
ADC_AnalogWatchdogSingleChannelConfig             ../../Libraries/STM32F4xx_StdPeriph_Driver/src/stm32f4xx_adc.o
ADC_AnalogWatchdogThresholdsConfig                ../../Libraries/STM32F4xx_StdPeriph_Driver/src/stm32f4xx_adc.o
ADC_AutoInjectedConvCmd                           ../../Libraries/STM32F4xx_StdPeriph_Driver/src/stm32f4xx_adc.o
ADC_ClearFlag                                     ../../Libraries/STM32F4xx_StdPeriph_Driver/src/stm32f4xx_adc.o
ADC_ClearITPendingBit                             ../../Libraries/STM32F4xx_StdPeriph_Driver/src/stm32f4xx_adc.o
ADC_Cmd                                           ../../Libraries/STM32F4xx_StdPeriph_Driver/src/stm32f4xx_adc.o
                                                  ..//src/button_rocker.o
ADC_CommonInit                                    ../../Libraries/STM32F4xx_StdPeriph_Driver/src/stm32f4xx_adc.o
                                                  ..//src/button_rocker.o
ADC_CommonStructInit                              ../../Libraries/STM32F4xx_StdPeriph_Driver/src/stm32f4xx_adc.o
ADC_ContinuousModeCmd                             ../../Libraries/STM32F4xx_StdPeriph_Driver/src/stm32f4xx_adc.o
ADC_DMACmd                                        ../../Libraries/STM32F4xx_StdPeriph_Driver/src/stm32f4xx_adc.o
                                                  ..//src/button_rocker.o
ADC_DMARequestAfterLastTransferCmd                ../../Libraries/STM32F4xx_StdPeriph_Driver/src/stm32f4xx_adc.o
                                                  ..//src/button_rocker.o
ADC_DeInit                                        ../../Libraries/STM32F4xx_StdPeriph_Driver/src/stm32f4xx_adc.o
ADC_DiscModeChannelCountConfig                    ../../Libraries/STM32F4xx_StdPeriph_Driver/src/stm32f4xx_adc.o
ADC_DiscModeCmd                                   ../../Libraries/STM32F4xx_StdPeriph_Driver/src/stm32f4xx_adc.o
ADC_EOCOnEachRegularChannelCmd                    ../../Libraries/STM32F4xx_StdPeriph_Driver/src/stm32f4xx_adc.o
                                                  ..//src/button_rocker.o
ADC_ExternalTrigInjectedConvConfig                ../../Libraries/STM32F4xx_StdPeriph_Driver/src/stm32f4xx_adc.o
ADC_ExternalTrigInjectedConvEdgeConfig            ../../Libraries/STM32F4xx_StdPeriph_Driver/src/stm32f4xx_adc.o
ADC_GetConversionValue                            ../../Libraries/STM32F4xx_StdPeriph_Driver/src/stm32f4xx_adc.o
ADC_GetFlagStatus                                 ../../Libraries/STM32F4xx_StdPeriph_Driver/src/stm32f4xx_adc.o
ADC_GetITStatus                                   ../../Libraries/STM32F4xx_StdPeriph_Driver/src/stm32f4xx_adc.o
ADC_GetInjectedConversionValue                    ../../Libraries/STM32F4xx_StdPeriph_Driver/src/stm32f4xx_adc.o
ADC_GetMultiModeConversionValue                   ../../Libraries/STM32F4xx_StdPeriph_Driver/src/stm32f4xx_adc.o
ADC_GetSoftwareStartConvStatus                    ../../Libraries/STM32F4xx_StdPeriph_Driver/src/stm32f4xx_adc.o
ADC_GetSoftwareStartInjectedConvCmdStatus         ../../Libraries/STM32F4xx_StdPeriph_Driver/src/stm32f4xx_adc.o
ADC_IRQHandler                                    startup_stm32f40xx.o
ADC_ITConfig                                      ../../Libraries/STM32F4xx_StdPeriph_Driver/src/stm32f4xx_adc.o
ADC_Init                                          ../../Libraries/STM32F4xx_StdPeriph_Driver/src/stm32f4xx_adc.o
                                                  ..//src/button_rocker.o
ADC_InjectedChannelConfig                         ../../Libraries/STM32F4xx_StdPeriph_Driver/src/stm32f4xx_adc.o
ADC_InjectedDiscModeCmd                           ../../Libraries/STM32F4xx_StdPeriph_Driver/src/stm32f4xx_adc.o
ADC_InjectedSequencerLengthConfig                 ../../Libraries/STM32F4xx_StdPeriph_Driver/src/stm32f4xx_adc.o
ADC_MultiModeDMARequestAfterLastTransferCmd       ../../Libraries/STM32F4xx_StdPeriph_Driver/src/stm32f4xx_adc.o
ADC_RegularChannelConfig                          ../../Libraries/STM32F4xx_StdPeriph_Driver/src/stm32f4xx_adc.o
                                                  ..//src/button_rocker.o
ADC_SetInjectedOffset                             ../../Libraries/STM32F4xx_StdPeriph_Driver/src/stm32f4xx_adc.o
ADC_SoftwareStartConv                             ../../Libraries/STM32F4xx_StdPeriph_Driver/src/stm32f4xx_adc.o
                                                  ..//src/button_rocker.o
ADC_SoftwareStartInjectedConv                     ../../Libraries/STM32F4xx_StdPeriph_Driver/src/stm32f4xx_adc.o
ADC_StructInit                                    ../../Libraries/STM32F4xx_StdPeriph_Driver/src/stm32f4xx_adc.o
ADC_TempSensorVrefintCmd                          ../../Libraries/STM32F4xx_StdPeriph_Driver/src/stm32f4xx_adc.o
ADC_VBATCmd                                       ../../Libraries/STM32F4xx_StdPeriph_Driver/src/stm32f4xx_adc.o
ADC_middle                                        ..//src/stm32f4xx_it.o
                                                  ..//src/sizeInput.o
                                                  ..//src/main.o
                                                  ..//src/cutterMove.o
                                                  ..//src/button_rocker.o
ADC_value                                         ..//src/stm32f4xx_it.o
                                                  ..//src/sizeInput.o
                                                  ..//src/main.o
                                                  ..//src/cutterMove.o
                                                  ..//src/button_rocker.o
ADC_value_filter                                  ..//src/stm32f4xx_it.o
                                                  ..//src/sizeInput.o
                                                  ..//src/main.o
                                                  ..//src/cutterMove.o
                                                  ..//src/button_rocker.o
AHBPrescTable                                     ..//src/system_stm32f4xx.o
Auto_Cmd                                          ..//src/sizeInput.o
                                                  ..//src/stm32f4xx_it.o
BusFault_Handler                                  ..//src/stm32f4xx_it.o
                                                  startup_stm32f40xx.o
CAN1_RX0_IRQHandler                               startup_stm32f40xx.o
CAN1_RX1_IRQHandler                               startup_stm32f40xx.o
CAN1_SCE_IRQHandler                               startup_stm32f40xx.o
CAN1_TX_IRQHandler                                startup_stm32f40xx.o
CAN2_RX0_IRQHandler                               startup_stm32f40xx.o
CAN2_RX1_IRQHandler                               startup_stm32f40xx.o
CAN2_SCE_IRQHandler                               startup_stm32f40xx.o
CAN2_TX_IRQHandler                                startup_stm32f40xx.o
CAN_CancelTransmit                                ../../Libraries/STM32F4xx_StdPeriph_Driver/src/stm32f4xx_can.o
CAN_ClearFlag                                     ../../Libraries/STM32F4xx_StdPeriph_Driver/src/stm32f4xx_can.o
CAN_ClearITPendingBit                             ../../Libraries/STM32F4xx_StdPeriph_Driver/src/stm32f4xx_can.o
CAN_DBGFreeze                                     ../../Libraries/STM32F4xx_StdPeriph_Driver/src/stm32f4xx_can.o
CAN_DeInit                                        ../../Libraries/STM32F4xx_StdPeriph_Driver/src/stm32f4xx_can.o
CAN_FIFORelease                                   ../../Libraries/STM32F4xx_StdPeriph_Driver/src/stm32f4xx_can.o
CAN_FilterInit                                    ../../Libraries/STM32F4xx_StdPeriph_Driver/src/stm32f4xx_can.o
CAN_GetFlagStatus                                 ../../Libraries/STM32F4xx_StdPeriph_Driver/src/stm32f4xx_can.o
CAN_GetITStatus                                   ../../Libraries/STM32F4xx_StdPeriph_Driver/src/stm32f4xx_can.o
CAN_GetLSBTransmitErrorCounter                    ../../Libraries/STM32F4xx_StdPeriph_Driver/src/stm32f4xx_can.o
CAN_GetLastErrorCode                              ../../Libraries/STM32F4xx_StdPeriph_Driver/src/stm32f4xx_can.o
CAN_GetReceiveErrorCounter                        ../../Libraries/STM32F4xx_StdPeriph_Driver/src/stm32f4xx_can.o
CAN_ITConfig                                      ../../Libraries/STM32F4xx_StdPeriph_Driver/src/stm32f4xx_can.o
CAN_Init                                          ../../Libraries/STM32F4xx_StdPeriph_Driver/src/stm32f4xx_can.o
CAN_MessagePending                                ../../Libraries/STM32F4xx_StdPeriph_Driver/src/stm32f4xx_can.o
CAN_OperatingModeRequest                          ../../Libraries/STM32F4xx_StdPeriph_Driver/src/stm32f4xx_can.o
CAN_Receive                                       ../../Libraries/STM32F4xx_StdPeriph_Driver/src/stm32f4xx_can.o
CAN_SlaveStartBank                                ../../Libraries/STM32F4xx_StdPeriph_Driver/src/stm32f4xx_can.o
CAN_Sleep                                         ../../Libraries/STM32F4xx_StdPeriph_Driver/src/stm32f4xx_can.o
CAN_StructInit                                    ../../Libraries/STM32F4xx_StdPeriph_Driver/src/stm32f4xx_can.o
CAN_TTComModeCmd                                  ../../Libraries/STM32F4xx_StdPeriph_Driver/src/stm32f4xx_can.o
CAN_Transmit                                      ../../Libraries/STM32F4xx_StdPeriph_Driver/src/stm32f4xx_can.o
CAN_TransmitStatus                                ../../Libraries/STM32F4xx_StdPeriph_Driver/src/stm32f4xx_can.o
CAN_WakeUp                                        ../../Libraries/STM32F4xx_StdPeriph_Driver/src/stm32f4xx_can.o
CRC_CalcBlockCRC                                  ../../Libraries/STM32F4xx_StdPeriph_Driver/src/stm32f4xx_crc.o
CRC_CalcCRC                                       ../../Libraries/STM32F4xx_StdPeriph_Driver/src/stm32f4xx_crc.o
CRC_GetCRC                                        ../../Libraries/STM32F4xx_StdPeriph_Driver/src/stm32f4xx_crc.o
CRC_GetIDRegister                                 ../../Libraries/STM32F4xx_StdPeriph_Driver/src/stm32f4xx_crc.o
CRC_ResetDR                                       ../../Libraries/STM32F4xx_StdPeriph_Driver/src/stm32f4xx_crc.o
CRC_SetIDRegister                                 ../../Libraries/STM32F4xx_StdPeriph_Driver/src/stm32f4xx_crc.o
CRYP_AES_CBC                                      ../../Libraries/STM32F4xx_StdPeriph_Driver/src/stm32f4xx_cryp_aes.o
CRYP_AES_CCM                                      ../../Libraries/STM32F4xx_StdPeriph_Driver/src/stm32f4xx_cryp_aes.o
CRYP_AES_CTR                                      ../../Libraries/STM32F4xx_StdPeriph_Driver/src/stm32f4xx_cryp_aes.o
CRYP_AES_ECB                                      ../../Libraries/STM32F4xx_StdPeriph_Driver/src/stm32f4xx_cryp_aes.o
CRYP_AES_GCM                                      ../../Libraries/STM32F4xx_StdPeriph_Driver/src/stm32f4xx_cryp_aes.o
CRYP_Cmd                                          ../../Libraries/STM32F4xx_StdPeriph_Driver/src/stm32f4xx_cryp.o
                                                  ../../Libraries/STM32F4xx_StdPeriph_Driver/src/stm32f4xx_cryp_tdes.o
                                                  ../../Libraries/STM32F4xx_StdPeriph_Driver/src/stm32f4xx_cryp_des.o
                                                  ../../Libraries/STM32F4xx_StdPeriph_Driver/src/stm32f4xx_cryp_aes.o
CRYP_DES_CBC                                      ../../Libraries/STM32F4xx_StdPeriph_Driver/src/stm32f4xx_cryp_des.o
CRYP_DES_ECB                                      ../../Libraries/STM32F4xx_StdPeriph_Driver/src/stm32f4xx_cryp_des.o
CRYP_DMACmd                                       ../../Libraries/STM32F4xx_StdPeriph_Driver/src/stm32f4xx_cryp.o
CRYP_DataIn                                       ../../Libraries/STM32F4xx_StdPeriph_Driver/src/stm32f4xx_cryp.o
                                                  ../../Libraries/STM32F4xx_StdPeriph_Driver/src/stm32f4xx_cryp_tdes.o
                                                  ../../Libraries/STM32F4xx_StdPeriph_Driver/src/stm32f4xx_cryp_des.o
                                                  ../../Libraries/STM32F4xx_StdPeriph_Driver/src/stm32f4xx_cryp_aes.o
CRYP_DataOut                                      ../../Libraries/STM32F4xx_StdPeriph_Driver/src/stm32f4xx_cryp.o
                                                  ../../Libraries/STM32F4xx_StdPeriph_Driver/src/stm32f4xx_cryp_tdes.o
                                                  ../../Libraries/STM32F4xx_StdPeriph_Driver/src/stm32f4xx_cryp_des.o
                                                  ../../Libraries/STM32F4xx_StdPeriph_Driver/src/stm32f4xx_cryp_aes.o
CRYP_DeInit                                       ../../Libraries/STM32F4xx_StdPeriph_Driver/src/stm32f4xx_cryp.o
CRYP_FIFOFlush                                    ../../Libraries/STM32F4xx_StdPeriph_Driver/src/stm32f4xx_cryp.o
                                                  ../../Libraries/STM32F4xx_StdPeriph_Driver/src/stm32f4xx_cryp_tdes.o
                                                  ../../Libraries/STM32F4xx_StdPeriph_Driver/src/stm32f4xx_cryp_des.o
                                                  ../../Libraries/STM32F4xx_StdPeriph_Driver/src/stm32f4xx_cryp_aes.o
CRYP_GetCmdStatus                                 ../../Libraries/STM32F4xx_StdPeriph_Driver/src/stm32f4xx_cryp.o
                                                  ../../Libraries/STM32F4xx_StdPeriph_Driver/src/stm32f4xx_cryp_tdes.o
                                                  ../../Libraries/STM32F4xx_StdPeriph_Driver/src/stm32f4xx_cryp_des.o
                                                  ../../Libraries/STM32F4xx_StdPeriph_Driver/src/stm32f4xx_cryp_aes.o
CRYP_GetFlagStatus                                ../../Libraries/STM32F4xx_StdPeriph_Driver/src/stm32f4xx_cryp.o
                                                  ../../Libraries/STM32F4xx_StdPeriph_Driver/src/stm32f4xx_cryp_tdes.o
                                                  ../../Libraries/STM32F4xx_StdPeriph_Driver/src/stm32f4xx_cryp_des.o
                                                  ../../Libraries/STM32F4xx_StdPeriph_Driver/src/stm32f4xx_cryp_aes.o
CRYP_GetITStatus                                  ../../Libraries/STM32F4xx_StdPeriph_Driver/src/stm32f4xx_cryp.o
CRYP_IRQHandler                                   startup_stm32f40xx.o
CRYP_ITConfig                                     ../../Libraries/STM32F4xx_StdPeriph_Driver/src/stm32f4xx_cryp.o
CRYP_IVInit                                       ../../Libraries/STM32F4xx_StdPeriph_Driver/src/stm32f4xx_cryp.o
                                                  ../../Libraries/STM32F4xx_StdPeriph_Driver/src/stm32f4xx_cryp_tdes.o
                                                  ../../Libraries/STM32F4xx_StdPeriph_Driver/src/stm32f4xx_cryp_des.o
                                                  ../../Libraries/STM32F4xx_StdPeriph_Driver/src/stm32f4xx_cryp_aes.o
CRYP_IVStructInit                                 ../../Libraries/STM32F4xx_StdPeriph_Driver/src/stm32f4xx_cryp.o
CRYP_Init                                         ../../Libraries/STM32F4xx_StdPeriph_Driver/src/stm32f4xx_cryp.o
                                                  ../../Libraries/STM32F4xx_StdPeriph_Driver/src/stm32f4xx_cryp_tdes.o
                                                  ../../Libraries/STM32F4xx_StdPeriph_Driver/src/stm32f4xx_cryp_des.o
                                                  ../../Libraries/STM32F4xx_StdPeriph_Driver/src/stm32f4xx_cryp_aes.o
CRYP_KeyInit                                      ../../Libraries/STM32F4xx_StdPeriph_Driver/src/stm32f4xx_cryp.o
                                                  ../../Libraries/STM32F4xx_StdPeriph_Driver/src/stm32f4xx_cryp_tdes.o
                                                  ../../Libraries/STM32F4xx_StdPeriph_Driver/src/stm32f4xx_cryp_des.o
                                                  ../../Libraries/STM32F4xx_StdPeriph_Driver/src/stm32f4xx_cryp_aes.o